Archive member included because of file (symbol)

C:\Program Files (x86)\VEX Robotics\VEXcode V5 Text\sdk/vexv5\libv5rt.a(v5_startup.c.obj)
                              (vexStartup)
C:\Program Files (x86)\VEX Robotics\VEXcode V5 Text\sdk/vexv5\libv5rt.a(v5_util.c.obj)
                              C:\Program Files (x86)\VEX Robotics\VEXcode V5 Text\sdk/vexv5\libv5rt.a(v5_startup.c.obj) (vexStdlibVersionLinked)
C:\Program Files (x86)\VEX Robotics\VEXcode V5 Text\sdk/vexv5\libv5rt.a(v5_apijump.c.obj)
                              C:\Program Files (x86)\VEX Robotics\VEXcode V5 Text\sdk/vexv5\libv5rt.a(v5_startup.c.obj) (vexPrivateApiEnable)
C:\Program Files (x86)\VEX Robotics\VEXcode V5 Text\sdk/vexv5\libv5rt.a(v5_apiversions.c.obj)
                              C:\Program Files (x86)\VEX Robotics\VEXcode V5 Text\sdk/vexv5\libv5rt.a(v5_apijump.c.obj) (vexSystemVersion)
C:\Program Files (x86)\VEX Robotics\VEXcode V5 Text\sdk/vexv5\libv5rt.a(vex_global.cpp.obj)
                              build/src/main.o (vex::prop60)
C:\Program Files (x86)\VEX Robotics\VEXcode V5 Text\sdk/vexv5\libv5rt.a(vex_motor.cpp.obj)
                              build/src/robot-config.o (vex::motor::~motor())
C:\Program Files (x86)\VEX Robotics\VEXcode V5 Text\sdk/vexv5\libv5rt.a(vex_controller.cpp.obj)
                              build/src/robot-config.o (vex::controller::~controller())
C:\Program Files (x86)\VEX Robotics\VEXcode V5 Text\sdk/vexv5\libv5rt.a(vex_task.cpp.obj)
                              build/src/main.o (vex::task::sleep(unsigned long))
C:\Program Files (x86)\VEX Robotics\VEXcode V5 Text\sdk/vexv5\libv5rt.a(vex_thread.cpp.obj)
                              C:\Program Files (x86)\VEX Robotics\VEXcode V5 Text\sdk/vexv5\libv5rt.a(vex_global.cpp.obj) (vex::this_thread::sleep_for(unsigned long))
C:\Program Files (x86)\VEX Robotics\VEXcode V5 Text\sdk/vexv5\libv5rt.a(vex_event.cpp.obj)
                              C:\Program Files (x86)\VEX Robotics\VEXcode V5 Text\sdk/vexv5\libv5rt.a(vex_controller.cpp.obj) (vex::event::init(unsigned long, unsigned long, void (*)()))
C:\Program Files (x86)\VEX Robotics\VEXcode V5 Text\sdk/vexv5\libv5rt.a(vex_mevent.cpp.obj)
                              C:\Program Files (x86)\VEX Robotics\VEXcode V5 Text\sdk/vexv5\libv5rt.a(vex_controller.cpp.obj) (vex::mevent::mevent(unsigned long, unsigned long))
C:\Program Files (x86)\VEX Robotics\VEXcode V5 Text\sdk/vexv5\libv5rt.a(vex_brain.cpp.obj)
                              build/src/main.o (vex::brain::timer(vex::timeUnits))
C:\Program Files (x86)\VEX Robotics\VEXcode V5 Text\sdk/vexv5\libv5rt.a(vex_competition.cpp.obj)
                              build/src/main.o (vex::competition::competition())
C:\Program Files (x86)\VEX Robotics\VEXcode V5 Text\sdk/vexv5\libv5rt.a(vex_triport.cpp.obj)
                              build/src/robot-config.o (vex::gyro::~gyro())
C:\Program Files (x86)\VEX Robotics\VEXcode V5 Text\sdk/vexv5\libv5rt.a(vex_color.cpp.obj)
                              build/src/main.o (vex::color::~color())
C:\Program Files (x86)\VEX Robotics\VEXcode V5 Text\sdk/vexv5\libv5rt.a(vex_timer.cpp.obj)
                              C:\Program Files (x86)\VEX Robotics\VEXcode V5 Text\sdk/vexv5\libv5rt.a(vex_brain.cpp.obj) (vex::timer::~timer())
C:\Program Files (x86)\VEX Robotics\VEXcode V5 Text\sdk/vexv5\libv5rt.a(v5_apiuser.c.obj)
                              C:\Program Files (x86)\VEX Robotics\VEXcode V5 Text\sdk/vexv5\libv5rt.a(vex_triport.cpp.obj) (vexAdiPortConfigSet)
C:\Program Files (x86)\VEX Robotics\VEXcode V5 Text\sdk/vexv5\libv5rt.a(vex_device.cpp.obj)
                              C:\Program Files (x86)\VEX Robotics\VEXcode V5 Text\sdk/vexv5\libv5rt.a(vex_motor.cpp.obj) (vex::device::~device())
C:\Program Files (x86)\VEX Robotics\VEXcode V5 Text\sdk/vexv5/gcc/libs\libc.a(lib_a-fini.o)
                              C:\Program Files (x86)\VEX Robotics\VEXcode V5 Text\sdk/vexv5\libv5rt.a(v5_startup.c.obj) (__libc_fini_array)
C:\Program Files (x86)\VEX Robotics\VEXcode V5 Text\sdk/vexv5/gcc/libs\libc.a(lib_a-impure.o)
                              C:\Program Files (x86)\VEX Robotics\VEXcode V5 Text\sdk/vexv5\libv5rt.a(v5_startup.c.obj) (_impure_ptr)
C:\Program Files (x86)\VEX Robotics\VEXcode V5 Text\sdk/vexv5/gcc/libs\libc.a(lib_a-init.o)
                              C:\Program Files (x86)\VEX Robotics\VEXcode V5 Text\sdk/vexv5\libv5rt.a(v5_startup.c.obj) (__libc_init_array)
C:\Program Files (x86)\VEX Robotics\VEXcode V5 Text\sdk/vexv5/gcc/libs\libc.a(lib_a-tolower.o)
                              C:\Program Files (x86)\VEX Robotics\VEXcode V5 Text\sdk/vexv5\libv5rt.a(vex_brain.cpp.obj) (tolower)
C:\Program Files (x86)\VEX Robotics\VEXcode V5 Text\sdk/vexv5/gcc/libs\libc.a(lib_a-ctype_.o)
                              C:\Program Files (x86)\VEX Robotics\VEXcode V5 Text\sdk/vexv5/gcc/libs\libc.a(lib_a-tolower.o) (__ctype_ptr__)

Allocating common symbols
Common symbol       size              file

[...]
Memory Configuration

Name             Origin             Length             Attributes
ps7_ddr_0_S_AXI_BASEADDR 0x03800000         0x04800000
*default*        0x00000000         0xffffffff

Linker script and memory map

                0x00002000                _STACK_SIZE = DEFINED (_STACK_SIZE)?_STACK_SIZE:0x2000
                0x00100000                _HEAP_SIZE = DEFINED (_HEAP_SIZE)?_HEAP_SIZE:0x100000
                0x00000400                _ABORT_STACK_SIZE = DEFINED (_ABORT_STACK_SIZE)?_ABORT_STACK_SIZE:0x400
                0x00000800                _SUPERVISOR_STACK_SIZE = DEFINED (_SUPERVISOR_STACK_SIZE)?_SUPERVISOR_STACK_SIZE:0x800
                0x00000400                _IRQ_STACK_SIZE = DEFINED (_IRQ_STACK_SIZE)?_IRQ_STACK_SIZE:0x400
                0x00000400                _FIQ_STACK_SIZE = DEFINED (_FIQ_STACK_SIZE)?_FIQ_STACK_SIZE:0x400
                0x00000400                _UNDEF_STACK_SIZE = DEFINED (_UNDEF_STACK_SIZE)?_UNDEF_STACK_SIZE:0x400

.text           0x03800000     0x6298
 *(.vectors)
 *(.boot_data)
 .boot_data     0x03800000       0x20 C:\Program Files (x86)\VEX Robotics\VEXcode V5 Text\sdk/vexv5\libv5rt.a(v5_startup.c.obj)
                0x03800000                vexCodeSig
                0x00000020                . = 0x20
 *(.boot)
 .boot          0x03800020       0xbc C:\Program Files (x86)\VEX Robotics\VEXcode V5 Text\sdk/vexv5\libv5rt.a(v5_startup.c.obj)
                0x03800020                vexStartup
                0x03800100                . = ALIGN (0x40)
 *fill*         0x038000dc       0x24 
 *(.freertos_vectors)
 *(.text)
 *(.text.*)
 .text._Z8PIDDrivei
                0x03800100      0x1a8 build/src/main.o
                0x03800100                PIDDrive(int)
 .text._Z10PIDRIntakeii
                0x038002a8      0x134 build/src/main.o
                0x038002a8                PIDRIntake(int, int)
 .text._Z10PIDLIntakeii
                0x038003dc      0x134 build/src/main.o
                0x038003dc                PIDLIntake(int, int)
 .text._Z7PIDTurni
                0x03800510      0x174 build/src/main.o
                0x03800510                PIDTurn(int)
 .text._Z7PIDRampi
                0x03800684       0xb8 build/src/main.o
                0x03800684                PIDRamp(int)
 .text._Z6intakeiib
                0x0380073c       0x84 build/src/main.o
                0x0380073c                intake(int, int, bool)
 .text._Z10robotDriveiib
                0x038007c0       0xcc build/src/main.o
                0x038007c0                robotDrive(int, int, bool)
 *fill*         0x0380088c        0x4 
 .text._Z5autonv
                0x03800890     0x19c8 build/src/main.o
                0x03800890                auton()
 .text._Z5stackv
                0x03802258      0x238 build/src/main.o
                0x03802258                stack()
 .text._Z5towerv
                0x03802490      0x1a8 build/src/main.o
                0x03802490                tower()
 .text._Z13driveMovementv
                0x03802638      0x5c8 build/src/main.o
                0x03802638                driveMovement()
 .text._Z11rampNIntakev
                0x03802c00      0x2e0 build/src/main.o
                0x03802c00                rampNIntake()
 .text._Z4pongv
                0x03802ee0      0x208 build/src/main.o
                0x03802ee0                pong()
 .text._Z9opcontrolv
                0x038030e8      0x164 build/src/main.o
                0x038030e8                opcontrol()
 .text.main     0x0380324c       0x4c build/src/main.o
                0x0380324c                main
 .text._GLOBAL__sub_I_main.cpp
                0x03803298       0xfc build/src/main.o
 .text._GLOBAL__sub_I_robot_config.cpp
                0x03803394      0x29c build/src/robot-config.o
 .text.vexMain  0x03803630       0xb0 C:\Program Files (x86)\VEX Robotics\VEXcode V5 Text\sdk/vexv5\libv5rt.a(v5_startup.c.obj)
                0x03803630                vexMain
 .text.__vex_function_prolog
                0x038036e0       0x18 C:\Program Files (x86)\VEX Robotics\VEXcode V5 Text\sdk/vexv5\libv5rt.a(v5_startup.c.obj)
                0x038036e0                __vex_function_prolog
 .text._init    0x038036f8        0x4 C:\Program Files (x86)\VEX Robotics\VEXcode V5 Text\sdk/vexv5\libv5rt.a(v5_startup.c.obj)
                0x038036f8                _init
 .text._fini    0x038036fc        0x4 C:\Program Files (x86)\VEX Robotics\VEXcode V5 Text\sdk/vexv5\libv5rt.a(v5_startup.c.obj)
                0x038036fc                _fini
 .text.vexStdlibVersionLinked
                0x03803700        0xc C:\Program Files (x86)\VEX Robotics\VEXcode V5 Text\sdk/vexv5\libv5rt.a(v5_util.c.obj)
                0x03803700                vexStdlibVersionLinked
 .text.vexStdlibVersionVerify
                0x0380370c       0x30 C:\Program Files (x86)\VEX Robotics\VEXcode V5 Text\sdk/vexv5\libv5rt.a(v5_util.c.obj)
                0x0380370c                vexStdlibVersionVerify
 .text.vexPrivateApiEnable
                0x0380373c       0x10 C:\Program Files (x86)\VEX Robotics\VEXcode V5 Text\sdk/vexv5\libv5rt.a(v5_apijump.c.obj)
                0x0380373c                vexPrivateApiEnable
 .text.vexStdlibMismatchError
                0x0380374c       0x3c C:\Program Files (x86)\VEX Robotics\VEXcode V5 Text\sdk/vexv5\libv5rt.a(v5_apijump.c.obj)
                0x0380374c                vexStdlibMismatchError
 .text.vexTaskAdd
                0x03803788       0x10 C:\Program Files (x86)\VEX Robotics\VEXcode V5 Text\sdk/vexv5\libv5rt.a(v5_apijump.c.obj)
                0x03803788                vexTaskAdd
 .text.vexTasksRun
                0x03803798       0x10 C:\Program Files (x86)\VEX Robotics\VEXcode V5 Text\sdk/vexv5\libv5rt.a(v5_apijump.c.obj)
                0x03803798                vexTasksRun
 .text.vexTaskYield
                0x038037a8       0x10 C:\Program Files (x86)\VEX Robotics\VEXcode V5 Text\sdk/vexv5\libv5rt.a(v5_apijump.c.obj)
                0x038037a8                vexTaskYield
 .text.vexTaskCheckTimeslice
                0x038037b8       0x10 C:\Program Files (x86)\VEX Robotics\VEXcode V5 Text\sdk/vexv5\libv5rt.a(v5_apijump.c.obj)
                0x038037b8                vexTaskCheckTimeslice
 .text.vexTaskSleep
                0x038037c8       0x10 C:\Program Files (x86)\VEX Robotics\VEXcode V5 Text\sdk/vexv5\libv5rt.a(v5_apijump.c.obj)
                0x038037c8                vexTaskSleep
 .text.vexTasksDump
                0x038037d8       0x1c C:\Program Files (x86)\VEX Robotics\VEXcode V5 Text\sdk/vexv5\libv5rt.a(v5_apijump.c.obj)
                0x038037d8                vexTasksDump
 .text.vexTaskGetTaskIndex
                0x038037f4       0x10 C:\Program Files (x86)\VEX Robotics\VEXcode V5 Text\sdk/vexv5\libv5rt.a(v5_apijump.c.obj)
                0x038037f4                vexTaskGetTaskIndex
 .text.vexTaskStopAll
                0x03803804       0x10 C:\Program Files (x86)\VEX Robotics\VEXcode V5 Text\sdk/vexv5\libv5rt.a(v5_apijump.c.obj)
                0x03803804                vexTaskStopAll
 .text.vexTaskRemoveAllUser
                0x03803814       0x34 C:\Program Files (x86)\VEX Robotics\VEXcode V5 Text\sdk/vexv5\libv5rt.a(v5_apijump.c.obj)
                0x03803814                vexTaskRemoveAllUser
 .text.vexTaskCompletionIdSet
                0x03803848       0x10 C:\Program Files (x86)\VEX Robotics\VEXcode V5 Text\sdk/vexv5\libv5rt.a(v5_apijump.c.obj)
                0x03803848                vexTaskCompletionIdSet
 .text.vexTaskStopWithId
                0x03803858       0x10 C:\Program Files (x86)\VEX Robotics\VEXcode V5 Text\sdk/vexv5\libv5rt.a(v5_apijump.c.obj)
                0x03803858                vexTaskStopWithId
 .text.vexCriticalSection
                0x03803868       0x2c C:\Program Files (x86)\VEX Robotics\VEXcode V5 Text\sdk/vexv5\libv5rt.a(v5_apijump.c.obj)
                0x03803868                vexCriticalSection
 .text.vexEventAdd
                0x03803894       0x34 C:\Program Files (x86)\VEX Robotics\VEXcode V5 Text\sdk/vexv5\libv5rt.a(v5_apijump.c.obj)
                0x03803894                vexEventAdd
 .text.vexEventUserIndexGet
                0x038038c8       0x1c C:\Program Files (x86)\VEX Robotics\VEXcode V5 Text\sdk/vexv5\libv5rt.a(v5_apijump.c.obj)
                0x038038c8                vexEventUserIndexGet
 .text.vexEventAddWithArg
                0x038038e4       0x3c C:\Program Files (x86)\VEX Robotics\VEXcode V5 Text\sdk/vexv5\libv5rt.a(v5_apijump.c.obj)
                0x038038e4                vexEventAddWithArg
 .text.vexEventsCleanup
                0x03803920       0x2c C:\Program Files (x86)\VEX Robotics\VEXcode V5 Text\sdk/vexv5\libv5rt.a(v5_apijump.c.obj)
                0x03803920                vexEventsCleanup
 .text.vexDebug
                0x0380394c       0x38 C:\Program Files (x86)\VEX Robotics\VEXcode V5 Text\sdk/vexv5\libv5rt.a(v5_apijump.c.obj)
                0x0380394c                vexDebug
 .text.vex_sprintf
                0x03803984       0x40 C:\Program Files (x86)\VEX Robotics\VEXcode V5 Text\sdk/vexv5\libv5rt.a(v5_apijump.c.obj)
                0x03803984                vex_sprintf
 .text.vex_vsnprintf
                0x038039c4       0x3c C:\Program Files (x86)\VEX Robotics\VEXcode V5 Text\sdk/vexv5\libv5rt.a(v5_apijump.c.obj)
                0x038039c4                vex_vsnprintf
 .text.vexSystemTimeGet
                0x03803a00       0x1c C:\Program Files (x86)\VEX Robotics\VEXcode V5 Text\sdk/vexv5\libv5rt.a(v5_apijump.c.obj)
                0x03803a00                vexSystemTimeGet
 .text.vexSystemExitRequest
                0x03803a1c       0x1c C:\Program Files (x86)\VEX Robotics\VEXcode V5 Text\sdk/vexv5\libv5rt.a(v5_apijump.c.obj)
                0x03803a1c                vexSystemExitRequest
 .text.vexDeviceGetByIndex
                0x03803a38       0x24 C:\Program Files (x86)\VEX Robotics\VEXcode V5 Text\sdk/vexv5\libv5rt.a(v5_apijump.c.obj)
                0x03803a38                vexDeviceGetByIndex
 .text.vexControllerGet
                0x03803a5c       0x2c C:\Program Files (x86)\VEX Robotics\VEXcode V5 Text\sdk/vexv5\libv5rt.a(v5_apijump.c.obj)
                0x03803a5c                vexControllerGet
 .text.vexControllerTextSet
                0x03803a88       0x74 C:\Program Files (x86)\VEX Robotics\VEXcode V5 Text\sdk/vexv5\libv5rt.a(v5_apijump.c.obj)
                0x03803a88                vexControllerTextSet
 .text.vexDeviceAdiPortConfigSet
                0x03803afc       0x34 C:\Program Files (x86)\VEX Robotics\VEXcode V5 Text\sdk/vexv5\libv5rt.a(v5_apijump.c.obj)
                0x03803afc                vexDeviceAdiPortConfigSet
 .text.vexDeviceAdiPortConfigGet
                0x03803b30       0x2c C:\Program Files (x86)\VEX Robotics\VEXcode V5 Text\sdk/vexv5\libv5rt.a(v5_apijump.c.obj)
                0x03803b30                vexDeviceAdiPortConfigGet
 .text.vexDeviceAdiValueSet
                0x03803b5c       0x34 C:\Program Files (x86)\VEX Robotics\VEXcode V5 Text\sdk/vexv5\libv5rt.a(v5_apijump.c.obj)
                0x03803b5c                vexDeviceAdiValueSet
 .text.vexDeviceAdiValueGet
                0x03803b90       0x2c C:\Program Files (x86)\VEX Robotics\VEXcode V5 Text\sdk/vexv5\libv5rt.a(v5_apijump.c.obj)
                0x03803b90                vexDeviceAdiValueGet
 .text.vexDeviceMotorVelocitySet
                0x03803bbc       0x2c C:\Program Files (x86)\VEX Robotics\VEXcode V5 Text\sdk/vexv5\libv5rt.a(v5_apijump.c.obj)
                0x03803bbc                vexDeviceMotorVelocitySet
 .text.vexDeviceMotorActualVelocityGet
                0x03803be8       0x24 C:\Program Files (x86)\VEX Robotics\VEXcode V5 Text\sdk/vexv5\libv5rt.a(v5_apijump.c.obj)
                0x03803be8                vexDeviceMotorActualVelocityGet
 .text.vexDeviceMotorTemperatureGet
                0x03803c0c       0x24 C:\Program Files (x86)\VEX Robotics\VEXcode V5 Text\sdk/vexv5\libv5rt.a(v5_apijump.c.obj)
                0x03803c0c                vexDeviceMotorTemperatureGet
 .text.vexDeviceMotorZeroPositionFlagGet
                0x03803c30       0x24 C:\Program Files (x86)\VEX Robotics\VEXcode V5 Text\sdk/vexv5\libv5rt.a(v5_apijump.c.obj)
                0x03803c30                vexDeviceMotorZeroPositionFlagGet
 .text.vexDeviceMotorReverseFlagSet
                0x03803c54       0x2c C:\Program Files (x86)\VEX Robotics\VEXcode V5 Text\sdk/vexv5\libv5rt.a(v5_apijump.c.obj)
                0x03803c54                vexDeviceMotorReverseFlagSet
 .text.vexDeviceMotorEncoderUnitsSet
                0x03803c80       0x2c C:\Program Files (x86)\VEX Robotics\VEXcode V5 Text\sdk/vexv5\libv5rt.a(v5_apijump.c.obj)
                0x03803c80                vexDeviceMotorEncoderUnitsSet
 .text.vexDeviceMotorBrakeModeSet
                0x03803cac       0x2c C:\Program Files (x86)\VEX Robotics\VEXcode V5 Text\sdk/vexv5\libv5rt.a(v5_apijump.c.obj)
                0x03803cac                vexDeviceMotorBrakeModeSet
 .text.vexDeviceMotorPositionSet
                0x03803cd8       0x34 C:\Program Files (x86)\VEX Robotics\VEXcode V5 Text\sdk/vexv5\libv5rt.a(v5_apijump.c.obj)
                0x03803cd8                vexDeviceMotorPositionSet
 .text.vexDeviceMotorPositionGet
                0x03803d0c       0x24 C:\Program Files (x86)\VEX Robotics\VEXcode V5 Text\sdk/vexv5\libv5rt.a(v5_apijump.c.obj)
                0x03803d0c                vexDeviceMotorPositionGet
 .text.vexDeviceMotorRelativeTargetSet
                0x03803d30       0x3c C:\Program Files (x86)\VEX Robotics\VEXcode V5 Text\sdk/vexv5\libv5rt.a(v5_apijump.c.obj)
                0x03803d30                vexDeviceMotorRelativeTargetSet
 .text.vexDeviceMotorGearingSet
                0x03803d6c       0x2c C:\Program Files (x86)\VEX Robotics\VEXcode V5 Text\sdk/vexv5\libv5rt.a(v5_apijump.c.obj)
                0x03803d6c                vexDeviceMotorGearingSet
 .text.vexDeviceMotorGearingGet
                0x03803d98       0x24 C:\Program Files (x86)\VEX Robotics\VEXcode V5 Text\sdk/vexv5\libv5rt.a(v5_apijump.c.obj)
                0x03803d98                vexDeviceMotorGearingGet
 .text.vexDisplayForegroundColor
                0x03803dbc       0x24 C:\Program Files (x86)\VEX Robotics\VEXcode V5 Text\sdk/vexv5\libv5rt.a(v5_apijump.c.obj)
                0x03803dbc                vexDisplayForegroundColor
 .text.vexDisplayBackgroundColor
                0x03803de0       0x24 C:\Program Files (x86)\VEX Robotics\VEXcode V5 Text\sdk/vexv5\libv5rt.a(v5_apijump.c.obj)
                0x03803de0                vexDisplayBackgroundColor
 .text.vexDisplayBackgroundColorGet
                0x03803e04       0x1c C:\Program Files (x86)\VEX Robotics\VEXcode V5 Text\sdk/vexv5\libv5rt.a(v5_apijump.c.obj)
                0x03803e04                vexDisplayBackgroundColorGet
 .text.vexDisplayRectDraw
                0x03803e20       0x4c C:\Program Files (x86)\VEX Robotics\VEXcode V5 Text\sdk/vexv5\libv5rt.a(v5_apijump.c.obj)
                0x03803e20                vexDisplayRectDraw
 .text.vexDisplayRectClear
                0x03803e6c       0x4c C:\Program Files (x86)\VEX Robotics\VEXcode V5 Text\sdk/vexv5\libv5rt.a(v5_apijump.c.obj)
                0x03803e6c                vexDisplayRectClear
 .text.vexDisplayCircleDraw
                0x03803eb8       0x40 C:\Program Files (x86)\VEX Robotics\VEXcode V5 Text\sdk/vexv5\libv5rt.a(v5_apijump.c.obj)
                0x03803eb8                vexDisplayCircleDraw
 .text.vexDisplayCircleClear
                0x03803ef8       0x40 C:\Program Files (x86)\VEX Robotics\VEXcode V5 Text\sdk/vexv5\libv5rt.a(v5_apijump.c.obj)
                0x03803ef8                vexDisplayCircleClear
 .text.vexDisplayPrintf
                0x03803f38       0x68 C:\Program Files (x86)\VEX Robotics\VEXcode V5 Text\sdk/vexv5\libv5rt.a(v5_apijump.c.obj)
                0x03803f38                vexDisplayPrintf
 .text.vexDisplayTextReference
                0x03803fa0       0x24 C:\Program Files (x86)\VEX Robotics\VEXcode V5 Text\sdk/vexv5\libv5rt.a(v5_apijump.c.obj)
                0x03803fa0                vexDisplayTextReference
 .text.vexDisplayTextSize
                0x03803fc4       0x2c C:\Program Files (x86)\VEX Robotics\VEXcode V5 Text\sdk/vexv5\libv5rt.a(v5_apijump.c.obj)
                0x03803fc4                vexDisplayTextSize
 .text.vexDisplayFontNamedSet
                0x03803ff0       0x24 C:\Program Files (x86)\VEX Robotics\VEXcode V5 Text\sdk/vexv5\libv5rt.a(v5_apijump.c.obj)
                0x03803ff0                vexDisplayFontNamedSet
 .text.vexDisplayStringWidthGet
                0x03804014       0x24 C:\Program Files (x86)\VEX Robotics\VEXcode V5 Text\sdk/vexv5\libv5rt.a(v5_apijump.c.obj)
                0x03804014                vexDisplayStringWidthGet
 .text.vexDisplayPenSizeGet
                0x03804038       0x1c C:\Program Files (x86)\VEX Robotics\VEXcode V5 Text\sdk/vexv5\libv5rt.a(v5_apijump.c.obj)
                0x03804038                vexDisplayPenSizeGet
 .text.vexSystemStdlibImpureDataAddr
                0x03804054       0x28 C:\Program Files (x86)\VEX Robotics\VEXcode V5 Text\sdk/vexv5\libv5rt.a(v5_apijump.c.obj)
                0x03804054                vexSystemStdlibImpureDataAddr
 .text.vexSystemStdlibImpureDataSize
                0x0380407c       0x28 C:\Program Files (x86)\VEX Robotics\VEXcode V5 Text\sdk/vexv5\libv5rt.a(v5_apijump.c.obj)
                0x0380407c                vexSystemStdlibImpureDataSize
 .text.vexSystemSaveUserData
                0x038040a4       0x3c C:\Program Files (x86)\VEX Robotics\VEXcode V5 Text\sdk/vexv5\libv5rt.a(v5_apijump.c.obj)
                0x038040a4                vexSystemSaveUserData
 .text.vexDisplayThemeIdGet
                0x038040e0       0x38 C:\Program Files (x86)\VEX Robotics\VEXcode V5 Text\sdk/vexv5\libv5rt.a(v5_apijump.c.obj)
                0x038040e0                vexDisplayThemeIdGet
 .text.vexDeviceEventMaskSet
                0x03804118       0x48 C:\Program Files (x86)\VEX Robotics\VEXcode V5 Text\sdk/vexv5\libv5rt.a(v5_apijump.c.obj)
                0x03804118                vexDeviceEventMaskSet
 .text.vexDeviceEventMaskGet
                0x03804160       0x3c C:\Program Files (x86)\VEX Robotics\VEXcode V5 Text\sdk/vexv5\libv5rt.a(v5_apijump.c.obj)
                0x03804160                vexDeviceEventMaskGet
 .text.vexSystemVersion
                0x0380419c       0x10 C:\Program Files (x86)\VEX Robotics\VEXcode V5 Text\sdk/vexv5\libv5rt.a(v5_apiversions.c.obj)
                0x0380419c                vexSystemVersion
 .text.vexStdlibVersion
                0x038041ac       0x10 C:\Program Files (x86)\VEX Robotics\VEXcode V5 Text\sdk/vexv5\libv5rt.a(v5_apiversions.c.obj)
                0x038041ac                vexStdlibVersion
 .text._ZN3vex5motorD2Ev
                0x038041bc       0x20 C:\Program Files (x86)\VEX Robotics\VEXcode V5 Text\sdk/vexv5\libv5rt.a(vex_motor.cpp.obj)
                0x038041bc                vex::motor::~motor()
                0x038041bc                vex::motor::~motor()
 .text._ZN3vex5motorD0Ev
                0x038041dc       0x1c C:\Program Files (x86)\VEX Robotics\VEXcode V5 Text\sdk/vexv5\libv5rt.a(vex_motor.cpp.obj)
                0x038041dc                vex::motor::~motor()
 .text._ZN3vex5motor9installedEv
                0x038041f8       0x18 C:\Program Files (x86)\VEX Robotics\VEXcode V5 Text\sdk/vexv5\libv5rt.a(vex_motor.cpp.obj)
                0x038041f8                vex::motor::installed()
 .text._ZN3vex5motor15defaultStoppingENS_9brakeTypeE
                0x03804210       0x30 C:\Program Files (x86)\VEX Robotics\VEXcode V5 Text\sdk/vexv5\libv5rt.a(vex_motor.cpp.obj)
                0x03804210                vex::motor::defaultStopping(vex::brakeType)
 .text._ZN3vex5motorC2El
                0x03804240       0x78 C:\Program Files (x86)\VEX Robotics\VEXcode V5 Text\sdk/vexv5\libv5rt.a(vex_motor.cpp.obj)
                0x03804240                vex::motor::motor(long)
                0x03804240                vex::motor::motor(long)
 .text._ZN3vex5motorC2ElNS_11gearSettingEb
                0x038042b8       0x34 C:\Program Files (x86)\VEX Robotics\VEXcode V5 Text\sdk/vexv5\libv5rt.a(vex_motor.cpp.obj)
                0x038042b8                vex::motor::motor(long, vex::gearSetting, bool)
                0x038042b8                vex::motor::motor(long, vex::gearSetting, bool)
 .text._ZN3vex5motor4stopENS_9brakeTypeE
                0x038042ec       0x30 C:\Program Files (x86)\VEX Robotics\VEXcode V5 Text\sdk/vexv5\libv5rt.a(vex_motor.cpp.obj)
                0x038042ec                vex::motor::stop(vex::brakeType)
 .text._ZN3vex5motor4stopEv
                0x0380431c        0x8 C:\Program Files (x86)\VEX Robotics\VEXcode V5 Text\sdk/vexv5\libv5rt.a(vex_motor.cpp.obj)
                0x0380431c                vex::motor::stop()
 *fill*         0x03804324        0x4 
 .text._ZN3vex5motor11temperatureENS_12percentUnitsE
                0x03804328       0x68 C:\Program Files (x86)\VEX Robotics\VEXcode V5 Text\sdk/vexv5\libv5rt.a(vex_motor.cpp.obj)
                0x03804328                vex::motor::temperature(vex::percentUnits)
 .text._ZN3vex5motor16velocityToScaledEdNS_13velocityUnitsE
                0x03804390       0x5c C:\Program Files (x86)\VEX Robotics\VEXcode V5 Text\sdk/vexv5\libv5rt.a(vex_motor.cpp.obj)
                0x03804390                vex::motor::velocityToScaled(double, vex::velocityUnits)
 .text._ZN3vex5motor8velocityENS_13velocityUnitsE
                0x038043ec       0x30 C:\Program Files (x86)\VEX Robotics\VEXcode V5 Text\sdk/vexv5\libv5rt.a(vex_motor.cpp.obj)
                0x038043ec                vex::motor::velocity(vex::velocityUnits)
 .text._ZN3vex5motor5valueEv
                0x0380441c       0x1c C:\Program Files (x86)\VEX Robotics\VEXcode V5 Text\sdk/vexv5\libv5rt.a(vex_motor.cpp.obj)
                0x0380441c                vex::motor::value()
 .text._ZN3vex5motor16scaledToVelocityEdNS_13velocityUnitsE
                0x03804438       0xa4 C:\Program Files (x86)\VEX Robotics\VEXcode V5 Text\sdk/vexv5\libv5rt.a(vex_motor.cpp.obj)
                0x03804438                vex::motor::scaledToVelocity(double, vex::velocityUnits)
 .text._ZN3vex5motor4spinENS_13directionTypeEdNS_13velocityUnitsE
                0x038044dc       0x5c C:\Program Files (x86)\VEX Robotics\VEXcode V5 Text\sdk/vexv5\libv5rt.a(vex_motor.cpp.obj)
                0x038044dc                vex::motor::spin(vex::directionType, double, vex::velocityUnits)
 .text._ZN3vex5motor16setRotationUnitsENS_13rotationUnitsE
                0x03804538       0x1c C:\Program Files (x86)\VEX Robotics\VEXcode V5 Text\sdk/vexv5\libv5rt.a(vex_motor.cpp.obj)
                0x03804538                vex::motor::setRotationUnits(vex::rotationUnits)
 .text._ZN3vex5motor9rotateForEdNS_13rotationUnitsEdNS_13velocityUnitsEb
                0x03804554       0xe0 C:\Program Files (x86)\VEX Robotics\VEXcode V5 Text\sdk/vexv5\libv5rt.a(vex_motor.cpp.obj)
                0x03804554                vex::motor::rotateFor(double, vex::rotationUnits, double, vex::velocityUnits, bool)
 .text._ZN3vex5motor8rotationENS_13rotationUnitsE
                0x03804634       0x44 C:\Program Files (x86)\VEX Robotics\VEXcode V5 Text\sdk/vexv5\libv5rt.a(vex_motor.cpp.obj)
                0x03804634                vex::motor::rotation(vex::rotationUnits)
 .text._ZN3vex5motor8positionENS_13rotationUnitsE
                0x03804678        0x4 C:\Program Files (x86)\VEX Robotics\VEXcode V5 Text\sdk/vexv5\libv5rt.a(vex_motor.cpp.obj)
                0x03804678                vex::motor::position(vex::rotationUnits)
 .text._ZN3vex10controllerD2Ev
                0x0380467c        0x4 C:\Program Files (x86)\VEX Robotics\VEXcode V5 Text\sdk/vexv5\libv5rt.a(vex_controller.cpp.obj)
                0x0380467c                vex::controller::~controller()
                0x0380467c                vex::controller::~controller()
 .text._ZN3vex10controller5valueE19_V5_ControllerIndex
                0x03804680        0x8 C:\Program Files (x86)\VEX Robotics\VEXcode V5 Text\sdk/vexv5\libv5rt.a(vex_controller.cpp.obj)
                0x03804680                vex::controller::value(_V5_ControllerIndex)
 .text._ZN3vex10controller6rumbleEPKc
                0x03804688       0x4c C:\Program Files (x86)\VEX Robotics\VEXcode V5 Text\sdk/vexv5\libv5rt.a(vex_controller.cpp.obj)
                0x03804688                vex::controller::rumble(char const*)
 .text._ZN3vex10controller6button8pressingEv
                0x038046d4       0xc8 C:\Program Files (x86)\VEX Robotics\VEXcode V5 Text\sdk/vexv5\libv5rt.a(vex_controller.cpp.obj)
                0x038046d4                vex::controller::button::pressing()
 .text._ZN3vex10controller6button21_buttonToPressedEventEv
                0x0380479c       0x20 C:\Program Files (x86)\VEX Robotics\VEXcode V5 Text\sdk/vexv5\libv5rt.a(vex_controller.cpp.obj)
                0x0380479c                vex::controller::button::_buttonToPressedEvent()
 .text._ZN3vex10controller6button22_buttonToReleasedEventEv
                0x038047bc       0x20 C:\Program Files (x86)\VEX Robotics\VEXcode V5 Text\sdk/vexv5\libv5rt.a(vex_controller.cpp.obj)
                0x038047bc                vex::controller::button::_buttonToReleasedEvent()
 .text._ZN3vex10controller6buttonC2ENS0_11tButtonTypeEPS0_
                0x038047dc       0x48 C:\Program Files (x86)\VEX Robotics\VEXcode V5 Text\sdk/vexv5\libv5rt.a(vex_controller.cpp.obj)
                0x038047dc                vex::controller::button::button(vex::controller::tButtonType, vex::controller*)
                0x038047dc                vex::controller::button::button(vex::controller::tButtonType, vex::controller*)
 .text._ZN3vex10controller4axis5valueEv
                0x03804824       0x58 C:\Program Files (x86)\VEX Robotics\VEXcode V5 Text\sdk/vexv5\libv5rt.a(vex_controller.cpp.obj)
                0x03804824                vex::controller::axis::value()
 .text._ZN3vex10controller4axis23_joystickToChangedEventEv
                0x0380487c       0x20 C:\Program Files (x86)\VEX Robotics\VEXcode V5 Text\sdk/vexv5\libv5rt.a(vex_controller.cpp.obj)
                0x0380487c                vex::controller::axis::_joystickToChangedEvent()
 .text._ZN3vex10controller4axisC2ENS0_9tAxisTypeEPS0_
                0x0380489c       0x2c C:\Program Files (x86)\VEX Robotics\VEXcode V5 Text\sdk/vexv5\libv5rt.a(vex_controller.cpp.obj)
                0x0380489c                vex::controller::axis::axis(vex::controller::tAxisType, vex::controller*)
                0x0380489c                vex::controller::axis::axis(vex::controller::tAxisType, vex::controller*)
 .text._ZN3vex10controllerC2ENS_14controllerTypeE
                0x038048c8      0x204 C:\Program Files (x86)\VEX Robotics\VEXcode V5 Text\sdk/vexv5\libv5rt.a(vex_controller.cpp.obj)
                0x038048c8                vex::controller::controller(vex::controllerType)
                0x038048c8                vex::controller::controller(vex::controllerType)
 .text._ZN3vex4taskC2EPFivE
                0x03804acc       0x5c C:\Program Files (x86)\VEX Robotics\VEXcode V5 Text\sdk/vexv5\libv5rt.a(vex_task.cpp.obj)
                0x03804acc                vex::task::task(int (*)())
                0x03804acc                vex::task::task(int (*)())
 .text._ZN3vex4taskD2Ev
                0x03804b28        0x4 C:\Program Files (x86)\VEX Robotics\VEXcode V5 Text\sdk/vexv5\libv5rt.a(vex_task.cpp.obj)
                0x03804b28                vex::task::~task()
                0x03804b28                vex::task::~task()
 .text._ZN3vex4task4stopERKS0_
                0x03804b2c       0x18 C:\Program Files (x86)\VEX Robotics\VEXcode V5 Text\sdk/vexv5\libv5rt.a(vex_task.cpp.obj)
                0x03804b2c                vex::task::stop(vex::task const&)
 .text._ZN3vex4task5sleepEm
                0x03804b44        0x4 C:\Program Files (x86)\VEX Robotics\VEXcode V5 Text\sdk/vexv5\libv5rt.a(vex_task.cpp.obj)
                0x03804b44                vex::task::sleep(unsigned long)
 .text._ZN3vex4task6_indexEPFivE
                0x03804b48       0x14 C:\Program Files (x86)\VEX Robotics\VEXcode V5 Text\sdk/vexv5\libv5rt.a(vex_task.cpp.obj)
                0x03804b48                vex::task::_index(int (*)())
 .text._ZN3vex4task8_stopAllEv
                0x03804b5c       0x3c C:\Program Files (x86)\VEX Robotics\VEXcode V5 Text\sdk/vexv5\libv5rt.a(vex_task.cpp.obj)
                0x03804b5c                vex::task::_stopAll()
 .text._ZN3vex5event4initEmmPFvvE
                0x03804b98        0x4 C:\Program Files (x86)\VEX Robotics\VEXcode V5 Text\sdk/vexv5\libv5rt.a(vex_event.cpp.obj)
                0x03804b98                vex::event::init(unsigned long, unsigned long, void (*)())
 .text._ZN3vex5event4initEmmPFvPvES1_
                0x03804b9c        0x4 C:\Program Files (x86)\VEX Robotics\VEXcode V5 Text\sdk/vexv5\libv5rt.a(vex_event.cpp.obj)
                0x03804b9c                vex::event::init(unsigned long, unsigned long, void (*)(void*), void*)
 .text._ZN3vex5event9userindexEv
                0x03804ba0        0x4 C:\Program Files (x86)\VEX Robotics\VEXcode V5 Text\sdk/vexv5\libv5rt.a(vex_event.cpp.obj)
                0x03804ba0                vex::event::userindex()
 .text._ZZN3vex6meventC4EmmENUlvE_4_FUNEv
                0x03804ba4        0x4 C:\Program Files (x86)\VEX Robotics\VEXcode V5 Text\sdk/vexv5\libv5rt.a(vex_mevent.cpp.obj)
 .text._ZN3vex6meventC2Emm
                0x03804ba8       0x70 C:\Program Files (x86)\VEX Robotics\VEXcode V5 Text\sdk/vexv5\libv5rt.a(vex_mevent.cpp.obj)
                0x03804ba8                vex::mevent::mevent(unsigned long, unsigned long)
                0x03804ba8                vex::mevent::mevent(unsigned long, unsigned long)
 .text._ZN3vex5brain9_getIndexEv
                0x03804c18       0x10 C:\Program Files (x86)\VEX Robotics\VEXcode V5 Text\sdk/vexv5\libv5rt.a(vex_brain.cpp.obj)
                0x03804c18                vex::brain::_getIndex()
 .text._ZN3vex5brain5timerENS_9timeUnitsE
                0x03804c28        0x4 C:\Program Files (x86)\VEX Robotics\VEXcode V5 Text\sdk/vexv5\libv5rt.a(vex_brain.cpp.obj)
                0x03804c28                vex::brain::timer(vex::timeUnits)
 .text._ZN3vex5brain3lcd9setCursorEll
                0x03804c2c       0x44 C:\Program Files (x86)\VEX Robotics\VEXcode V5 Text\sdk/vexv5\libv5rt.a(vex_brain.cpp.obj)
                0x03804c2c                vex::brain::lcd::setCursor(long, long)
 .text._ZN3vex5brain3lcd7setFontENS_8fontTypeE
                0x03804c70      0x23c C:\Program Files (x86)\VEX Robotics\VEXcode V5 Text\sdk/vexv5\libv5rt.a(vex_brain.cpp.obj)
                0x03804c70                vex::brain::lcd::setFont(vex::fontType)
 .text._ZN3vex5brain3lcdC2Ev
                0x03804eac       0x94 C:\Program Files (x86)\VEX Robotics\VEXcode V5 Text\sdk/vexv5\libv5rt.a(vex_brain.cpp.obj)
                0x03804eac                vex::brain::lcd::lcd()
                0x03804eac                vex::brain::lcd::lcd()
 .text._ZN3vex5brainC2Ev
                0x03804f40       0x38 C:\Program Files (x86)\VEX Robotics\VEXcode V5 Text\sdk/vexv5\libv5rt.a(vex_brain.cpp.obj)
                0x03804f40                vex::brain::brain()
                0x03804f40                vex::brain::brain()
 .text._ZN3vex5brain3lcd12_clearScreenEm
                0x03804f78       0x38 C:\Program Files (x86)\VEX Robotics\VEXcode V5 Text\sdk/vexv5\libv5rt.a(vex_brain.cpp.obj)
                0x03804f78                vex::brain::lcd::_clearScreen(unsigned long)
 .text._ZN3vex5brain3lcd11clearScreenERKNS_5colorE
                0x03804fb0       0x20 C:\Program Files (x86)\VEX Robotics\VEXcode V5 Text\sdk/vexv5\libv5rt.a(vex_brain.cpp.obj)
                0x03804fb0                vex::brain::lcd::clearScreen(vex::color const&)
 .text._ZN3vex5brain3lcd11clearScreenEv
                0x03804fd0       0x2c C:\Program Files (x86)\VEX Robotics\VEXcode V5 Text\sdk/vexv5\libv5rt.a(vex_brain.cpp.obj)
                0x03804fd0                vex::brain::lcd::clearScreen()
 .text._ZN3vex5brain3lcd13drawRectangleEiiii
                0x03804ffc       0xdc C:\Program Files (x86)\VEX Robotics\VEXcode V5 Text\sdk/vexv5\libv5rt.a(vex_brain.cpp.obj)
                0x03804ffc                vex::brain::lcd::drawRectangle(int, int, int, int)
 .text._ZN3vex5brain3lcd10drawCircleEiii
                0x038050d8       0xa4 C:\Program Files (x86)\VEX Robotics\VEXcode V5 Text\sdk/vexv5\libv5rt.a(vex_brain.cpp.obj)
                0x038050d8                vex::brain::lcd::drawCircle(int, int, int)
 .text._ZN3vex5brain3lcd10rowToPixelEl
                0x0380517c       0x34 C:\Program Files (x86)\VEX Robotics\VEXcode V5 Text\sdk/vexv5\libv5rt.a(vex_brain.cpp.obj)
                0x0380517c                vex::brain::lcd::rowToPixel(long)
 .text._ZN3vex5brain3lcd10colToPixelEl
                0x038051b0       0x1c C:\Program Files (x86)\VEX Robotics\VEXcode V5 Text\sdk/vexv5\libv5rt.a(vex_brain.cpp.obj)
                0x038051b0                vex::brain::lcd::colToPixel(long)
 .text._ZN3vex5brain3lcd5printEPKcz
                0x038051cc       0xa0 C:\Program Files (x86)\VEX Robotics\VEXcode V5 Text\sdk/vexv5\libv5rt.a(vex_brain.cpp.obj)
                0x038051cc                vex::brain::lcd::print(char const*, ...)
 .text._ZN3vex5brainD2Ev
                0x0380526c       0x20 C:\Program Files (x86)\VEX Robotics\VEXcode V5 Text\sdk/vexv5\libv5rt.a(vex_brain.cpp.obj)
                0x0380526c                vex::brain::~brain()
                0x0380526c                vex::brain::~brain()
 .text._ZN3vex11competition11_autonomousEv
                0x0380528c       0x90 C:\Program Files (x86)\VEX Robotics\VEXcode V5 Text\sdk/vexv5\libv5rt.a(vex_competition.cpp.obj)
                0x0380528c                vex::competition::_autonomous()
 .text._ZN3vex11competition14_drivercontrolEv
                0x0380531c       0x90 C:\Program Files (x86)\VEX Robotics\VEXcode V5 Text\sdk/vexv5\libv5rt.a(vex_competition.cpp.obj)
                0x0380531c                vex::competition::_drivercontrol()
 .text._ZN3vex11competition8_disableEPv
                0x038053ac       0xc8 C:\Program Files (x86)\VEX Robotics\VEXcode V5 Text\sdk/vexv5\libv5rt.a(vex_competition.cpp.obj)
                0x038053ac                vex::competition::_disable(void*)
 .text._ZN3vex11competitionC2Ev
                0x03805474      0x13c C:\Program Files (x86)\VEX Robotics\VEXcode V5 Text\sdk/vexv5\libv5rt.a(vex_competition.cpp.obj)
                0x03805474                vex::competition::competition()
                0x03805474                vex::competition::competition()
 .text._ZN3vex11competitionD2Ev
                0x038055b0        0x4 C:\Program Files (x86)\VEX Robotics\VEXcode V5 Text\sdk/vexv5\libv5rt.a(vex_competition.cpp.obj)
                0x038055b0                vex::competition::~competition()
                0x038055b0                vex::competition::~competition()
 .text._ZN3vex11competition10autonomousEPFvvE
                0x038055b4       0x44 C:\Program Files (x86)\VEX Robotics\VEXcode V5 Text\sdk/vexv5\libv5rt.a(vex_competition.cpp.obj)
                0x038055b4                vex::competition::autonomous(void (*)())
 .text._ZN3vex11competition13drivercontrolEPFvvE
                0x038055f8       0x44 C:\Program Files (x86)\VEX Robotics\VEXcode V5 Text\sdk/vexv5\libv5rt.a(vex_competition.cpp.obj)
                0x038055f8                vex::competition::drivercontrol(void (*)())
 .text._ZN3vex4gyroD2Ev
                0x0380563c        0x4 C:\Program Files (x86)\VEX Robotics\VEXcode V5 Text\sdk/vexv5\libv5rt.a(vex_triport.cpp.obj)
                0x0380563c                vex::gyro::~gyro()
                0x0380563c                vex::gyro::~gyro()
 .text._ZN3vex4gyro7headingENS_13rotationUnitsE
                0x03805640        0xc C:\Program Files (x86)\VEX Robotics\VEXcode V5 Text\sdk/vexv5\libv5rt.a(vex_triport.cpp.obj)
                0x03805640                vex::gyro::heading(vex::rotationUnits)
 .text._ZN3vex7triportD2Ev
                0x0380564c       0x38 C:\Program Files (x86)\VEX Robotics\VEXcode V5 Text\sdk/vexv5\libv5rt.a(vex_triport.cpp.obj)
                0x0380564c                vex::triport::~triport()
                0x0380564c                vex::triport::~triport()
 .text._ZN3vex7triportD0Ev
                0x03805684       0x1c C:\Program Files (x86)\VEX Robotics\VEXcode V5 Text\sdk/vexv5\libv5rt.a(vex_triport.cpp.obj)
                0x03805684                vex::triport::~triport()
 .text._ZN3vex4gyroD0Ev
                0x038056a0       0x14 C:\Program Files (x86)\VEX Robotics\VEXcode V5 Text\sdk/vexv5\libv5rt.a(vex_triport.cpp.obj)
                0x038056a0                vex::gyro::~gyro()
 .text._ZN3vex7triport9installedEv
                0x038056b4       0x18 C:\Program Files (x86)\VEX Robotics\VEXcode V5 Text\sdk/vexv5\libv5rt.a(vex_triport.cpp.obj)
                0x038056b4                vex::triport::installed()
 .text._ZN3vex7triport4portC2ElPS0_
                0x038056cc       0x74 C:\Program Files (x86)\VEX Robotics\VEXcode V5 Text\sdk/vexv5\libv5rt.a(vex_triport.cpp.obj)
                0x038056cc                vex::triport::port::port(long, vex::triport*)
                0x038056cc                vex::triport::port::port(long, vex::triport*)
 .text._ZN3vex7triportC2El
                0x03805740       0xf0 C:\Program Files (x86)\VEX Robotics\VEXcode V5 Text\sdk/vexv5\libv5rt.a(vex_triport.cpp.obj)
                0x03805740                vex::triport::triport(long)
                0x03805740                vex::triport::triport(long)
 .text._ZN3vex7triport4port4typeENS_11triportTypeE
                0x03805830       0x30 C:\Program Files (x86)\VEX Robotics\VEXcode V5 Text\sdk/vexv5\libv5rt.a(vex_triport.cpp.obj)
                0x03805830                vex::triport::port::type(vex::triportType)
 .text._ZN3vex7triport4port4typeEv
                0x03805860       0x38 C:\Program Files (x86)\VEX Robotics\VEXcode V5 Text\sdk/vexv5\libv5rt.a(vex_triport.cpp.obj)
                0x03805860                vex::triport::port::type()
 .text._ZN3vex7triport4port5valueEv
                0x03805898       0x14 C:\Program Files (x86)\VEX Robotics\VEXcode V5 Text\sdk/vexv5\libv5rt.a(vex_triport.cpp.obj)
                0x03805898                vex::triport::port::value()
 .text._ZN3vex7triport4port5valueEl
                0x038058ac       0x18 C:\Program Files (x86)\VEX Robotics\VEXcode V5 Text\sdk/vexv5\libv5rt.a(vex_triport.cpp.obj)
                0x038058ac                vex::triport::port::value(long)
 *fill*         0x038058c4        0x4 
 .text._ZN3vex7triport4port8distanceENS_13distanceUnitsE
                0x038058c8       0x60 C:\Program Files (x86)\VEX Robotics\VEXcode V5 Text\sdk/vexv5\libv5rt.a(vex_triport.cpp.obj)
                0x038058c8                vex::triport::port::distance(vex::distanceUnits)
 .text._ZN3vex7triport4port14_convertAnalogENS_11analogUnitsE
                0x03805928       0x58 C:\Program Files (x86)\VEX Robotics\VEXcode V5 Text\sdk/vexv5\libv5rt.a(vex_triport.cpp.obj)
                0x03805928                vex::triport::port::_convertAnalog(vex::analogUnits)
 .text._ZN3vex7triport4port14_virtual_valueEl
                0x03805980       0x14 C:\Program Files (x86)\VEX Robotics\VEXcode V5 Text\sdk/vexv5\libv5rt.a(vex_triport.cpp.obj)
                0x03805980                vex::triport::port::_virtual_value(long)
 .text._ZN3vex11__trideviceC2ERNS_7triport4portENS_11triportTypeE
                0x03805994       0x5c C:\Program Files (x86)\VEX Robotics\VEXcode V5 Text\sdk/vexv5\libv5rt.a(vex_triport.cpp.obj)
                0x03805994                vex::__tridevice::__tridevice(vex::triport::port&, vex::triportType)
                0x03805994                vex::__tridevice::__tridevice(vex::triport::port&, vex::triportType)
 .text._ZN3vex11__tridevice14_convertAnalogENS_11analogUnitsE
                0x038059f0        0x8 C:\Program Files (x86)\VEX Robotics\VEXcode V5 Text\sdk/vexv5\libv5rt.a(vex_triport.cpp.obj)
                0x038059f0                vex::__tridevice::_convertAnalog(vex::analogUnits)
 .text._ZN3vex4gyro13isCalibratingEv
                0x038059f8       0x3c C:\Program Files (x86)\VEX Robotics\VEXcode V5 Text\sdk/vexv5\libv5rt.a(vex_triport.cpp.obj)
                0x038059f8                vex::gyro::isCalibrating()
 .text._ZN3vex11__tridevice14_virtual_valueEl
                0x03805a34        0x8 C:\Program Files (x86)\VEX Robotics\VEXcode V5 Text\sdk/vexv5\libv5rt.a(vex_triport.cpp.obj)
                0x03805a34                vex::__tridevice::_virtual_value(long)
 *fill*         0x03805a3c        0x4 
 .text._ZN3vex4gyro5angleENS_13rotationUnitsE
                0x03805a40       0x68 C:\Program Files (x86)\VEX Robotics\VEXcode V5 Text\sdk/vexv5\libv5rt.a(vex_triport.cpp.obj)
                0x03805a40                vex::gyro::angle(vex::rotationUnits)
 .text._ZN3vex4gyro8rotationENS_13rotationUnitsE
                0x03805aa8       0x58 C:\Program Files (x86)\VEX Robotics\VEXcode V5 Text\sdk/vexv5\libv5rt.a(vex_triport.cpp.obj)
                0x03805aa8                vex::gyro::rotation(vex::rotationUnits)
 .text._ZN3vex4gyro11setRotationEdNS_13rotationUnitsE
                0x03805b00       0x60 C:\Program Files (x86)\VEX Robotics\VEXcode V5 Text\sdk/vexv5\libv5rt.a(vex_triport.cpp.obj)
                0x03805b00                vex::gyro::setRotation(double, vex::rotationUnits)
 .text._ZN3vex4gyroC2ERNS_7triport4portE
                0x03805b60       0x48 C:\Program Files (x86)\VEX Robotics\VEXcode V5 Text\sdk/vexv5\libv5rt.a(vex_triport.cpp.obj)
                0x03805b60                vex::gyro::gyro(vex::triport::port&)
                0x03805b60                vex::gyro::gyro(vex::triport::port&)
 .text._ZN3vex4gyro5valueENS_13rotationUnitsE
                0x03805ba8       0x58 C:\Program Files (x86)\VEX Robotics\VEXcode V5 Text\sdk/vexv5\libv5rt.a(vex_triport.cpp.obj)
                0x03805ba8                vex::gyro::value(vex::rotationUnits)
 .text._ZN3vex4gyro10resetAngleEdNS_13rotationUnitsE
                0x03805c00       0x60 C:\Program Files (x86)\VEX Robotics\VEXcode V5 Text\sdk/vexv5\libv5rt.a(vex_triport.cpp.obj)
                0x03805c00                vex::gyro::resetAngle(double, vex::rotationUnits)
 .text._ZN3vex4gyro10setHeadingEdNS_13rotationUnitsE
                0x03805c60        0x4 C:\Program Files (x86)\VEX Robotics\VEXcode V5 Text\sdk/vexv5\libv5rt.a(vex_triport.cpp.obj)
                0x03805c60                vex::gyro::setHeading(double, vex::rotationUnits)
 .text._ZN3vex4gyro16startCalibrationEl
                0x03805c64       0x20 C:\Program Files (x86)\VEX Robotics\VEXcode V5 Text\sdk/vexv5\libv5rt.a(vex_triport.cpp.obj)
                0x03805c64                vex::gyro::startCalibration(long)
 .text._ZN3vex4gyro9calibrateEl
                0x03805c84        0x4 C:\Program Files (x86)\VEX Robotics\VEXcode V5 Text\sdk/vexv5\libv5rt.a(vex_triport.cpp.obj)
                0x03805c84                vex::gyro::calibrate(long)
 .text._ZN3vex5sonarC2ERNS_7triport4portE
                0x03805c88       0x30 C:\Program Files (x86)\VEX Robotics\VEXcode V5 Text\sdk/vexv5\libv5rt.a(vex_triport.cpp.obj)
                0x03805c88                vex::sonar::sonar(vex::triport::port&)
                0x03805c88                vex::sonar::sonar(vex::triport::port&)
 .text._ZN3vex5sonarD2Ev
                0x03805cb8        0x4 C:\Program Files (x86)\VEX Robotics\VEXcode V5 Text\sdk/vexv5\libv5rt.a(vex_triport.cpp.obj)
                0x03805cb8                vex::sonar::~sonar()
                0x03805cb8                vex::sonar::~sonar()
 .text._ZN3vex5sonar8distanceENS_13distanceUnitsE
                0x03805cbc        0x8 C:\Program Files (x86)\VEX Robotics\VEXcode V5 Text\sdk/vexv5\libv5rt.a(vex_triport.cpp.obj)
                0x03805cbc                vex::sonar::distance(vex::distanceUnits)
 .text.startup._GLOBAL__sub_I__ZN3vex7triportC2El
                0x03805cc4       0x30 C:\Program Files (x86)\VEX Robotics\VEXcode V5 Text\sdk/vexv5\libv5rt.a(vex_triport.cpp.obj)
 .text._ZN3vex5colorD2Ev
                0x03805cf4        0x4 C:\Program Files (x86)\VEX Robotics\VEXcode V5 Text\sdk/vexv5\libv5rt.a(vex_color.cpp.obj)
                0x03805cf4                vex::color::~color()
                0x03805cf4                vex::color::~color()
 .text._ZN3vex5colorC2Ehhh
                0x03805cf8       0x1c C:\Program Files (x86)\VEX Robotics\VEXcode V5 Text\sdk/vexv5\libv5rt.a(vex_color.cpp.obj)
                0x03805cf8                vex::color::color(unsigned char, unsigned char, unsigned char)
                0x03805cf8                vex::color::color(unsigned char, unsigned char, unsigned char)
 .text._ZNK3vex5colorcvmEv
                0x03805d14        0x8 C:\Program Files (x86)\VEX Robotics\VEXcode V5 Text\sdk/vexv5\libv5rt.a(vex_color.cpp.obj)
                0x03805d14                vex::color::operator unsigned long() const
 .text.startup._GLOBAL__sub_I__ZN3vex5color5blackE
                0x03805d1c      0x164 C:\Program Files (x86)\VEX Robotics\VEXcode V5 Text\sdk/vexv5\libv5rt.a(vex_color.cpp.obj)
 .text._ZN3vex5timerD2Ev
                0x03805e80        0x4 C:\Program Files (x86)\VEX Robotics\VEXcode V5 Text\sdk/vexv5\libv5rt.a(vex_timer.cpp.obj)
                0x03805e80                vex::timer::~timer()
                0x03805e80                vex::timer::~timer()
 .text._ZN3vex5timer5clearEv
                0x03805e84       0x1c C:\Program Files (x86)\VEX Robotics\VEXcode V5 Text\sdk/vexv5\libv5rt.a(vex_timer.cpp.obj)
                0x03805e84                vex::timer::clear()
 .text._ZN3vex5timerC2Ev
                0x03805ea0       0x14 C:\Program Files (x86)\VEX Robotics\VEXcode V5 Text\sdk/vexv5\libv5rt.a(vex_timer.cpp.obj)
                0x03805ea0                vex::timer::timer()
                0x03805ea0                vex::timer::timer()
 *fill*         0x03805eb4        0x4 
 .text._ZNK3vex5timer4timeENS_9timeUnitsE
                0x03805eb8       0x40 C:\Program Files (x86)\VEX Robotics\VEXcode V5 Text\sdk/vexv5\libv5rt.a(vex_timer.cpp.obj)
                0x03805eb8                vex::timer::time(vex::timeUnits) const
 .text.vexAdiPortConfigSet
                0x03805ef8       0x28 C:\Program Files (x86)\VEX Robotics\VEXcode V5 Text\sdk/vexv5\libv5rt.a(v5_apiuser.c.obj)
                0x03805ef8                vexAdiPortConfigSet
 .text.vexAdiPortConfigGet
                0x03805f20       0x28 C:\Program Files (x86)\VEX Robotics\VEXcode V5 Text\sdk/vexv5\libv5rt.a(v5_apiuser.c.obj)
                0x03805f20                vexAdiPortConfigGet
 .text.vexAdiValueSet
                0x03805f48       0x28 C:\Program Files (x86)\VEX Robotics\VEXcode V5 Text\sdk/vexv5\libv5rt.a(v5_apiuser.c.obj)
                0x03805f48                vexAdiValueSet
 .text.vexAdiValueGet
                0x03805f70       0x20 C:\Program Files (x86)\VEX Robotics\VEXcode V5 Text\sdk/vexv5\libv5rt.a(v5_apiuser.c.obj)
                0x03805f70                vexAdiValueGet
 .text.vexMotorVelocitySet
                0x03805f90       0x20 C:\Program Files (x86)\VEX Robotics\VEXcode V5 Text\sdk/vexv5\libv5rt.a(v5_apiuser.c.obj)
                0x03805f90                vexMotorVelocitySet
 .text.vexMotorActualVelocityGet
                0x03805fb0       0x24 C:\Program Files (x86)\VEX Robotics\VEXcode V5 Text\sdk/vexv5\libv5rt.a(v5_apiuser.c.obj)
                0x03805fb0                vexMotorActualVelocityGet
 .text.vexMotorTemperatureGet
                0x03805fd4       0x24 C:\Program Files (x86)\VEX Robotics\VEXcode V5 Text\sdk/vexv5\libv5rt.a(v5_apiuser.c.obj)
                0x03805fd4                vexMotorTemperatureGet
 .text.vexMotorZeroPositionFlagGet
                0x03805ff8       0x18 C:\Program Files (x86)\VEX Robotics\VEXcode V5 Text\sdk/vexv5\libv5rt.a(v5_apiuser.c.obj)
                0x03805ff8                vexMotorZeroPositionFlagGet
 .text.vexMotorReverseFlagSet
                0x03806010       0x20 C:\Program Files (x86)\VEX Robotics\VEXcode V5 Text\sdk/vexv5\libv5rt.a(v5_apiuser.c.obj)
                0x03806010                vexMotorReverseFlagSet
 .text.vexMotorEncoderUnitsSet
                0x03806030       0x20 C:\Program Files (x86)\VEX Robotics\VEXcode V5 Text\sdk/vexv5\libv5rt.a(v5_apiuser.c.obj)
                0x03806030                vexMotorEncoderUnitsSet
 .text.vexMotorBrakeModeSet
                0x03806050       0x20 C:\Program Files (x86)\VEX Robotics\VEXcode V5 Text\sdk/vexv5\libv5rt.a(v5_apiuser.c.obj)
                0x03806050                vexMotorBrakeModeSet
 .text.vexMotorPositionSet
                0x03806070       0x28 C:\Program Files (x86)\VEX Robotics\VEXcode V5 Text\sdk/vexv5\libv5rt.a(v5_apiuser.c.obj)
                0x03806070                vexMotorPositionSet
 .text.vexMotorPositionGet
                0x03806098       0x24 C:\Program Files (x86)\VEX Robotics\VEXcode V5 Text\sdk/vexv5\libv5rt.a(v5_apiuser.c.obj)
                0x03806098                vexMotorPositionGet
 .text.vexMotorRelativeTargetSet
                0x038060bc       0x30 C:\Program Files (x86)\VEX Robotics\VEXcode V5 Text\sdk/vexv5\libv5rt.a(v5_apiuser.c.obj)
                0x038060bc                vexMotorRelativeTargetSet
 .text.vexMotorGearingSet
                0x038060ec       0x20 C:\Program Files (x86)\VEX Robotics\VEXcode V5 Text\sdk/vexv5\libv5rt.a(v5_apiuser.c.obj)
                0x038060ec                vexMotorGearingSet
 .text.vexMotorGearingGet
                0x0380610c       0x18 C:\Program Files (x86)\VEX Robotics\VEXcode V5 Text\sdk/vexv5\libv5rt.a(v5_apiuser.c.obj)
                0x0380610c                vexMotorGearingGet
 .text.vexEventMaskSet
                0x03806124       0x28 C:\Program Files (x86)\VEX Robotics\VEXcode V5 Text\sdk/vexv5\libv5rt.a(v5_apiuser.c.obj)
                0x03806124                vexEventMaskSet
 .text.vexEventMaskGet
                0x0380614c       0x18 C:\Program Files (x86)\VEX Robotics\VEXcode V5 Text\sdk/vexv5\libv5rt.a(v5_apiuser.c.obj)
                0x0380614c                vexEventMaskGet
 .text._ZN3vex6deviceD2Ev
                0x03806164        0x4 C:\Program Files (x86)\VEX Robotics\VEXcode V5 Text\sdk/vexv5\libv5rt.a(vex_device.cpp.obj)
                0x03806164                vex::device::~device()
                0x03806164                vex::device::~device()
 .text._ZN3vex6device5valueEv
                0x03806168        0x8 C:\Program Files (x86)\VEX Robotics\VEXcode V5 Text\sdk/vexv5\libv5rt.a(vex_device.cpp.obj)
                0x03806168                vex::device::value()
 .text._ZN3vex6deviceD0Ev
                0x03806170       0x14 C:\Program Files (x86)\VEX Robotics\VEXcode V5 Text\sdk/vexv5\libv5rt.a(vex_device.cpp.obj)
                0x03806170                vex::device::~device()
 .text._ZN3vex6device4initEl
                0x03806184       0x30 C:\Program Files (x86)\VEX Robotics\VEXcode V5 Text\sdk/vexv5\libv5rt.a(vex_device.cpp.obj)
                0x03806184                vex::device::init(long)
 .text._ZN3vex6deviceC2El
                0x038061b4       0x20 C:\Program Files (x86)\VEX Robotics\VEXcode V5 Text\sdk/vexv5\libv5rt.a(vex_device.cpp.obj)
                0x038061b4                vex::device::device(long)
                0x038061b4                vex::device::device(long)
 .text._ZN3vex6device4typeEv
                0x038061d4       0x10 C:\Program Files (x86)\VEX Robotics\VEXcode V5 Text\sdk/vexv5\libv5rt.a(vex_device.cpp.obj)
                0x038061d4                vex::device::type()
 .text._ZN3vex6device9installedEv
                0x038061e4       0x14 C:\Program Files (x86)\VEX Robotics\VEXcode V5 Text\sdk/vexv5\libv5rt.a(vex_device.cpp.obj)
                0x038061e4                vex::device::installed()
 .text.__libc_fini_array
                0x038061f8       0x30 C:\Program Files (x86)\VEX Robotics\VEXcode V5 Text\sdk/vexv5/gcc/libs\libc.a(lib_a-fini.o)
                0x038061f8                __libc_fini_array
 .text.__libc_init_array
                0x03806228       0x58 C:\Program Files (x86)\VEX Robotics\VEXcode V5 Text\sdk/vexv5/gcc/libs\libc.a(lib_a-init.o)
                0x03806228                __libc_init_array
 .text.__libc_init_array.__stub
                0x03806280       0x18 linker stubs
 *(.gnu.linkonce.t.*)
 *(.plt)
 *(.gnu_warning)
 *(.gcc_except_table)
 *(.glue_7)
 .glue_7        0x00000000        0x0 linker stubs
 *(.glue_7t)
 .glue_7t       0x00000000        0x0 linker stubs
 *(.vfp11_veneer)
 .vfp11_veneer  0x00000000        0x0 linker stubs
 *(.ARM.extab)
 *(.gnu.linkonce.armextab.*)

.v4_bx          0x03806298        0x0
 .v4_bx         0x00000000        0x0 linker stubs

.iplt           0x03806298        0x0
 .iplt          0x00000000        0x0 build/src/main.o

.init
 *(.init)

.fini
 *(.fini)

.rodata         0x03806298      0x184
                0x03806298                __rodata_start = .
 *(.rodata)
 *(.rodata.*)
 .rodata.str1.1
                0x03806298       0x28 build/src/main.o
                                 0x2a (size before relaxing)
 .rodata.str1.1
                0x038062c0       0x2e C:\Program Files (x86)\VEX Robotics\VEXcode V5 Text\sdk/vexv5\libv5rt.a(v5_startup.c.obj)
 *fill*         0x038062ee        0x2 
 .rodata._ZN3vex6PORT20E
                0x038062f0        0x4 C:\Program Files (x86)\VEX Robotics\VEXcode V5 Text\sdk/vexv5\libv5rt.a(vex_global.cpp.obj)
                0x038062f0                vex::PORT20
 .rodata._ZN3vex6PORT18E
                0x038062f4        0x4 C:\Program Files (x86)\VEX Robotics\VEXcode V5 Text\sdk/vexv5\libv5rt.a(vex_global.cpp.obj)
                0x038062f4                vex::PORT18
 .rodata._ZN3vex9ratio36_1E
                0x038062f8        0x4 C:\Program Files (x86)\VEX Robotics\VEXcode V5 Text\sdk/vexv5\libv5rt.a(vex_global.cpp.obj)
                0x038062f8                vex::ratio36_1
 .rodata._ZN3vex7primaryE
                0x038062fc        0x4 C:\Program Files (x86)\VEX Robotics\VEXcode V5 Text\sdk/vexv5\libv5rt.a(vex_global.cpp.obj)
                0x038062fc                vex::primary
 .rodata._ZN3vex6PORT15E
                0x03806300        0x4 C:\Program Files (x86)\VEX Robotics\VEXcode V5 Text\sdk/vexv5\libv5rt.a(vex_global.cpp.obj)
                0x03806300                vex::PORT15
 .rodata._ZN3vex6PORT19E
                0x03806304        0x4 C:\Program Files (x86)\VEX Robotics\VEXcode V5 Text\sdk/vexv5\libv5rt.a(vex_global.cpp.obj)
                0x03806304                vex::PORT19
 .rodata._ZN3vex7degreesE
                0x03806308        0x4 C:\Program Files (x86)\VEX Robotics\VEXcode V5 Text\sdk/vexv5\libv5rt.a(vex_global.cpp.obj)
                0x03806308                vex::degrees
 .rodata._ZN3vex6PORT22E
                0x0380630c        0x4 C:\Program Files (x86)\VEX Robotics\VEXcode V5 Text\sdk/vexv5\libv5rt.a(vex_global.cpp.obj)
                0x0380630c                vex::PORT22
 .rodata._ZN3vex6PORT12E
                0x03806310        0x4 C:\Program Files (x86)\VEX Robotics\VEXcode V5 Text\sdk/vexv5\libv5rt.a(vex_global.cpp.obj)
                0x03806310                vex::PORT12
 .rodata._ZN3vex6PORT16E
                0x03806314        0x4 C:\Program Files (x86)\VEX Robotics\VEXcode V5 Text\sdk/vexv5\libv5rt.a(vex_global.cpp.obj)
                0x03806314                vex::PORT16
 .rodata._ZN3vex6PORT13E
                0x03806318        0x4 C:\Program Files (x86)\VEX Robotics\VEXcode V5 Text\sdk/vexv5\libv5rt.a(vex_global.cpp.obj)
                0x03806318                vex::PORT13
 .rodata._ZN3vex9ratio18_1E
                0x0380631c        0x4 C:\Program Files (x86)\VEX Robotics\VEXcode V5 Text\sdk/vexv5\libv5rt.a(vex_global.cpp.obj)
                0x0380631c                vex::ratio18_1
 .rodata._ZN3vex6PORT17E
                0x03806320        0x4 C:\Program Files (x86)\VEX Robotics\VEXcode V5 Text\sdk/vexv5\libv5rt.a(vex_global.cpp.obj)
                0x03806320                vex::PORT17
 *fill*         0x03806324        0x4 
 .rodata._ZTVN3vex5motorE
                0x03806328       0x18 C:\Program Files (x86)\VEX Robotics\VEXcode V5 Text\sdk/vexv5\libv5rt.a(vex_motor.cpp.obj)
                0x03806328                vtable for vex::motor
 .rodata.CSWTCH.15
                0x03806340        0xb C:\Program Files (x86)\VEX Robotics\VEXcode V5 Text\sdk/vexv5\libv5rt.a(vex_controller.cpp.obj)
 .rodata.CSWTCH.17
                0x0380634b        0xb C:\Program Files (x86)\VEX Robotics\VEXcode V5 Text\sdk/vexv5\libv5rt.a(vex_controller.cpp.obj)
 .rodata.CSWTCH.23
                0x03806356        0x3 C:\Program Files (x86)\VEX Robotics\VEXcode V5 Text\sdk/vexv5\libv5rt.a(vex_controller.cpp.obj)
 .rodata.str1.1
                0x03806359       0x14 C:\Program Files (x86)\VEX Robotics\VEXcode V5 Text\sdk/vexv5\libv5rt.a(vex_task.cpp.obj)
 .rodata.str1.1
                0x0380636d       0x2b C:\Program Files (x86)\VEX Robotics\VEXcode V5 Text\sdk/vexv5\libv5rt.a(vex_brain.cpp.obj)
 .rodata.CSWTCH.36
                0x03806398       0x10 C:\Program Files (x86)\VEX Robotics\VEXcode V5 Text\sdk/vexv5\libv5rt.a(vex_triport.cpp.obj)
 .rodata._ZTVN3vex7triportE
                0x038063a8       0x18 C:\Program Files (x86)\VEX Robotics\VEXcode V5 Text\sdk/vexv5\libv5rt.a(vex_triport.cpp.obj)
                0x038063a8                vtable for vex::triport
 .rodata._ZTVN3vex4gyroE
                0x038063c0       0x2c C:\Program Files (x86)\VEX Robotics\VEXcode V5 Text\sdk/vexv5\libv5rt.a(vex_triport.cpp.obj)
                0x038063c0                vtable for vex::gyro
 .rodata.CSWTCH.31
                0x038063ec        0xe C:\Program Files (x86)\VEX Robotics\VEXcode V5 Text\sdk/vexv5\libv5rt.a(vex_triport.cpp.obj)
 *fill*         0x038063fa        0x6 
 .rodata._ZTVN3vex6deviceE
                0x03806400       0x18 C:\Program Files (x86)\VEX Robotics\VEXcode V5 Text\sdk/vexv5\libv5rt.a(vex_device.cpp.obj)
                0x03806400                vtable for vex::device
 .rodata.str1.4
                0x03806418        0x4 C:\Program Files (x86)\VEX Robotics\VEXcode V5 Text\sdk/vexv5/gcc/libs\libc.a(lib_a-impure.o)
                                  0x2 (size before relaxing)
 *(.gnu.linkonce.r.*)
                0x0380641c                __rodata_end = .

.rodata1        0x0380641c        0x0
                0x0380641c                __rodata1_start = .
 *(.rodata1)
 *(.rodata1.*)
                0x0380641c                __rodata1_end = .

.sdata2         0x0380641c        0x0
                0x0380641c                __sdata2_start = .
 *(.sdata2)
 *(.sdata2.*)
 *(.gnu.linkonce.s2.*)
                0x0380641c                __sdata2_end = .

.sbss2          0x0380641c        0x0
                0x0380641c                __sbss2_start = .
 *(.sbss2)
 *(.sbss2.*)
 *(.gnu.linkonce.sb2.*)
                0x0380641c                __sbss2_end = .

.data           0x03806420      0x864
                0x03806420                __data_start = .
 *(.data)
 *(.data.*)
 .data.autoNumber
                0x03806420        0x4 build/src/main.o
                0x03806420                autoNumber
 .data.moveSpeed
                0x03806424        0x4 build/src/main.o
                0x03806424                moveSpeed
 .data.arcadeDrive
                0x03806428        0x1 build/src/main.o
                0x03806428                arcadeDrive
 *fill*         0x03806429        0x3 
 .data.rampSpeed
                0x0380642c        0x4 build/src/main.o
                0x0380642c                rampSpeed
 .data.intakeSpeed
                0x03806430        0x4 build/src/main.o
                0x03806430                intakeSpeed
 .data.armSpeed
                0x03806434        0x4 build/src/main.o
                0x03806434                armSpeed
 .data.pingY    0x03806438        0x4 build/src/main.o
                0x03806438                pingY
 .data.pongY    0x0380643c        0x4 build/src/main.o
                0x0380643c                pongY
 .data.ballX    0x03806440        0x4 build/src/main.o
                0x03806440                ballX
 .data.ballY    0x03806444        0x4 build/src/main.o
                0x03806444                ballY
 .data.ballFacingRightQuestionMark
                0x03806448        0x1 build/src/main.o
                0x03806448                ballFacingRightQuestionMark
 *fill*         0x03806449        0x3 
 .data.sigmoid_map
                0x0380644c      0x3fc build/src/main.o
                0x0380644c                sigmoid_map
 .data.appRunning
                0x03806848        0x4 C:\Program Files (x86)\VEX Robotics\VEXcode V5 Text\sdk/vexv5\libv5rt.a(v5_startup.c.obj)
                0x03806848                appRunning
 .data.__yoff   0x0380684c        0x4 C:\Program Files (x86)\VEX Robotics\VEXcode V5 Text\sdk/vexv5\libv5rt.a(v5_apijump.c.obj)
 .data._ZN3vex24__default_motor_velocityE
                0x03806850        0x4 C:\Program Files (x86)\VEX Robotics\VEXcode V5 Text\sdk/vexv5\libv5rt.a(vex_motor.cpp.obj)
                0x03806850                vex::__default_motor_velocity
 *fill*         0x03806854        0x4 
 .data.impure_data
                0x03806858      0x428 C:\Program Files (x86)\VEX Robotics\VEXcode V5 Text\sdk/vexv5/gcc/libs\libc.a(lib_a-impure.o)
 .data._impure_ptr
                0x03806c80        0x4 C:\Program Files (x86)\VEX Robotics\VEXcode V5 Text\sdk/vexv5/gcc/libs\libc.a(lib_a-impure.o)
                0x03806c80                _impure_ptr
 *(.gnu.linkonce.d.*)
 *(.jcr)
 *(.got)
 *(.got.plt)
                0x03806c84                __data_end = .

.igot.plt       0x03806c84        0x0
 .igot.plt      0x00000000        0x0 build/src/main.o

.data1          0x03806c84        0x0
                0x03806c84                __data1_start = .
 *(.data1)
 *(.data1.*)
                0x03806c84                __data1_end = .

.got
 *(.got)

.ctors          0x03806c84        0x0
                0x03806c84                __CTOR_LIST__ = .
                0x03806c84                ___CTORS_LIST___ = .
 *crtbegin.o(.ctors)
 *(EXCLUDE_FILE(*crtend.o) .ctors)
 *(SORT(.ctors.*))
 *(.ctors)
                0x03806c84                __CTOR_END__ = .
                0x03806c84                ___CTORS_END___ = .

.dtors          0x03806c84        0x0
                0x03806c84                __DTOR_LIST__ = .
                0x03806c84                ___DTORS_LIST___ = .
 *crtbegin.o(.dtors)
 *(EXCLUDE_FILE(*crtend.o) .dtors)
 *(SORT(.dtors.*))
 *(.dtors)
                0x03806c84                __DTOR_END__ = .
                0x03806c84                ___DTORS_END___ = .

.fixup          0x03806c84        0x0
                0x03806c84                __fixup_start = .
 *(.fixup)
                0x03806c84                __fixup_end = .

.eh_frame
 *(.eh_frame)

.eh_framehdr    0x03806c84        0x0
                0x03806c84                __eh_framehdr_start = .
 *(.eh_framehdr)
                0x03806c84                __eh_framehdr_end = .

.gcc_except_table
 *(.gcc_except_table)

.mmu_tbl        0x03808000        0x0
                0x03808000                __mmu_tbl_start = .
 *(.mmu_tbl)
                0x03808000                __mmu_tbl_end = .

.ARM.exidx      0x03806c84        0x8
                0x03806c84                __exidx_start = .
 *(.ARM.exidx*)
 .ARM.exidx.text._Z8PIDDrivei
                0x03806c84        0x8 build/src/main.o
 .ARM.exidx.text._Z10PIDRIntakeii
                0x03806c8c        0x0 build/src/main.o
                                  0x8 (size before relaxing)
 .ARM.exidx.text._Z10PIDLIntakeii
                0x03806c8c        0x0 build/src/main.o
                                  0x8 (size before relaxing)
 .ARM.exidx.text._Z7PIDTurni
                0x03806c8c        0x0 build/src/main.o
                                  0x8 (size before relaxing)
 .ARM.exidx.text._Z7PIDRampi
                0x03806c8c        0x0 build/src/main.o
                                  0x8 (size before relaxing)
 .ARM.exidx.text._Z6intakeiib
                0x03806c8c        0x0 build/src/main.o
                                  0x8 (size before relaxing)
 .ARM.exidx.text._Z10robotDriveiib
                0x03806c8c        0x0 build/src/main.o
                                  0x8 (size before relaxing)
 .ARM.exidx.text._Z5autonv
                0x03806c8c        0x0 build/src/main.o
                                  0x8 (size before relaxing)
 .ARM.exidx.text._Z5stackv
                0x03806c8c        0x0 build/src/main.o
                                  0x8 (size before relaxing)
 .ARM.exidx.text._Z5towerv
                0x03806c8c        0x0 build/src/main.o
                                  0x8 (size before relaxing)
 .ARM.exidx.text._Z13driveMovementv
                0x03806c8c        0x0 build/src/main.o
                                  0x8 (size before relaxing)
 .ARM.exidx.text._Z11rampNIntakev
                0x03806c8c        0x0 build/src/main.o
                                  0x8 (size before relaxing)
 .ARM.exidx.text._Z4pongv
                0x03806c8c        0x0 build/src/main.o
                                  0x8 (size before relaxing)
 .ARM.exidx.text._Z9opcontrolv
                0x03806c8c        0x0 build/src/main.o
                                  0x8 (size before relaxing)
 .ARM.exidx.text.main
                0x03806c8c        0x0 build/src/main.o
                                  0x8 (size before relaxing)
 .ARM.exidx.text._GLOBAL__sub_I_main.cpp
                0x03806c8c        0x0 build/src/main.o
                                  0x8 (size before relaxing)
 .ARM.exidx.text._GLOBAL__sub_I_robot_config.cpp
                0x03806c8c        0x0 build/src/robot-config.o
                                  0x8 (size before relaxing)
 *(.gnu.linkonce.armexidix.*.*)
                0x03806c8c                __exidx_end = .

.rel.dyn        0x03806c8c        0x0
 .rel.iplt      0x00000000        0x0 build/src/main.o

.preinit_array  0x03806c8c        0x0
                0x03806c8c                __preinit_array_start = .
 *(SORT(.preinit_array.*))
 *(.preinit_array)
                0x03806c8c                __preinit_array_end = .

.init_array     0x03806c8c       0x10
                0x03806c8c                __init_array_start = .
 *(SORT(.init_array.*))
 *(.init_array)
 .init_array    0x03806c8c        0x4 build/src/main.o
 .init_array    0x03806c90        0x4 build/src/robot-config.o
 .init_array    0x03806c94        0x4 C:\Program Files (x86)\VEX Robotics\VEXcode V5 Text\sdk/vexv5\libv5rt.a(vex_triport.cpp.obj)
 .init_array    0x03806c98        0x4 C:\Program Files (x86)\VEX Robotics\VEXcode V5 Text\sdk/vexv5\libv5rt.a(vex_color.cpp.obj)
                0x03806c9c                __init_array_end = .

.fini_array     0x03806c9c        0x0
                0x03806c9c                __fini_array_start = .
 *(SORT(.fini_array.*))
 *(.fini_array)
                0x03806c9c                __fini_array_end = .

.ARM.attributes
                0x03806c9c       0x3c
                0x03806c9c                __ARM.attributes_start = .
 *(.ARM.attributes)
 .ARM.attributes
                0x03806c9c       0x3a build/src/main.o
 .ARM.attributes
                0x03806cd6       0x3a build/src/robot-config.o
 .ARM.attributes
                0x03806d10       0x35 C:\Program Files (x86)\VEX Robotics\VEXcode V5 Text\sdk/vexv5\libv5rt.a(v5_startup.c.obj)
 .ARM.attributes
                0x03806d45       0x35 C:\Program Files (x86)\VEX Robotics\VEXcode V5 Text\sdk/vexv5\libv5rt.a(v5_util.c.obj)
 .ARM.attributes
                0x03806d7a       0x35 C:\Program Files (x86)\VEX Robotics\VEXcode V5 Text\sdk/vexv5\libv5rt.a(v5_apijump.c.obj)
 .ARM.attributes
                0x03806daf       0x35 C:\Program Files (x86)\VEX Robotics\VEXcode V5 Text\sdk/vexv5\libv5rt.a(v5_apiversions.c.obj)
 .ARM.attributes
                0x03806de4       0x35 C:\Program Files (x86)\VEX Robotics\VEXcode V5 Text\sdk/vexv5\libv5rt.a(vex_global.cpp.obj)
 .ARM.attributes
                0x03806e19       0x35 C:\Program Files (x86)\VEX Robotics\VEXcode V5 Text\sdk/vexv5\libv5rt.a(vex_motor.cpp.obj)
 .ARM.attributes
                0x03806e4e       0x35 C:\Program Files (x86)\VEX Robotics\VEXcode V5 Text\sdk/vexv5\libv5rt.a(vex_controller.cpp.obj)
 .ARM.attributes
                0x03806e83       0x35 C:\Program Files (x86)\VEX Robotics\VEXcode V5 Text\sdk/vexv5\libv5rt.a(vex_task.cpp.obj)
 .ARM.attributes
                0x03806eb8       0x35 C:\Program Files (x86)\VEX Robotics\VEXcode V5 Text\sdk/vexv5\libv5rt.a(vex_event.cpp.obj)
 .ARM.attributes
                0x03806eed       0x35 C:\Program Files (x86)\VEX Robotics\VEXcode V5 Text\sdk/vexv5\libv5rt.a(vex_mevent.cpp.obj)
 .ARM.attributes
                0x03806f22       0x35 C:\Program Files (x86)\VEX Robotics\VEXcode V5 Text\sdk/vexv5\libv5rt.a(vex_brain.cpp.obj)
 .ARM.attributes
                0x03806f57       0x35 C:\Program Files (x86)\VEX Robotics\VEXcode V5 Text\sdk/vexv5\libv5rt.a(vex_competition.cpp.obj)
 .ARM.attributes
                0x03806f8c       0x35 C:\Program Files (x86)\VEX Robotics\VEXcode V5 Text\sdk/vexv5\libv5rt.a(vex_triport.cpp.obj)
 .ARM.attributes
                0x03806fc1       0x35 C:\Program Files (x86)\VEX Robotics\VEXcode V5 Text\sdk/vexv5\libv5rt.a(vex_color.cpp.obj)
 .ARM.attributes
                0x03806ff6       0x35 C:\Program Files (x86)\VEX Robotics\VEXcode V5 Text\sdk/vexv5\libv5rt.a(vex_timer.cpp.obj)
 .ARM.attributes
                0x0380702b       0x35 C:\Program Files (x86)\VEX Robotics\VEXcode V5 Text\sdk/vexv5\libv5rt.a(v5_apiuser.c.obj)
 .ARM.attributes
                0x03807060       0x35 C:\Program Files (x86)\VEX Robotics\VEXcode V5 Text\sdk/vexv5\libv5rt.a(vex_device.cpp.obj)
 .ARM.attributes
                0x03807095       0x2b C:\Program Files (x86)\VEX Robotics\VEXcode V5 Text\sdk/vexv5/gcc/libs\libc.a(lib_a-fini.o)
 .ARM.attributes
                0x038070c0       0x2b C:\Program Files (x86)\VEX Robotics\VEXcode V5 Text\sdk/vexv5/gcc/libs\libc.a(lib_a-impure.o)
 .ARM.attributes
                0x038070eb       0x2b C:\Program Files (x86)\VEX Robotics\VEXcode V5 Text\sdk/vexv5/gcc/libs\libc.a(lib_a-init.o)
                0x03807116                __ARM.attributes_end = .

.sdata          0x03806c9c        0x0
                0x03806c9c                __sdata_start = .
 *(.sdata)
 *(.sdata.*)
 *(.gnu.linkonce.s.*)
                0x03806c9c                __sdata_end = .

.sbss           0x03806c9c        0x0
                0x03806c9c                __sbss_start = .
 *(.sbss)
 *(.sbss.*)
 *(.gnu.linkonce.sb.*)
                0x03806c9c                __sbss_end = .

.tdata          0x03806c9c        0x0
                0x03806c9c                __tdata_start = .
 *(.tdata)
 *(.tdata.*)
 *(.gnu.linkonce.td.*)
                0x03806c9c                __tdata_end = .

.tbss           0x03806c9c        0x0
                0x03806c9c                __tbss_start = .
 *(.tbss)
 *(.tbss.*)
 *(.gnu.linkonce.tb.*)
                0x03806c9c                __tbss_end = .

.bss            0x03806c9c      0x708
                0x03806c9c                __bss_start = .
 *(.bss)
 *(.bss.*)
 .bss.Competition
                0x03806c9c       0x28 build/src/main.o
                0x03806c9c                Competition
 .bss.leftPower
                0x03806cc4        0x4 build/src/main.o
                0x03806cc4                leftPower
 .bss.rightPower
                0x03806cc8        0x4 build/src/main.o
                0x03806cc8                rightPower
 .bss.stacking  0x03806ccc        0x1 build/src/main.o
                0x03806ccc                stacking
 .bss.towering  0x03806ccd        0x1 build/src/main.o
                0x03806ccd                towering
 .bss.turning   0x03806cce        0x1 build/src/main.o
                0x03806cce                turning
 *fill*         0x03806ccf        0x1 
 .bss.waterBlue
                0x03806cd0        0x8 build/src/main.o
                0x03806cd0                waterBlue
 .bss.landGreen
                0x03806cd8        0x8 build/src/main.o
                0x03806cd8                landGreen
 .bss.fishGold  0x03806ce0        0x8 build/src/main.o
                0x03806ce0                fishGold
 .bss.ballGoingUpQuestionMark
                0x03806ce8        0x1 build/src/main.o
                0x03806ce8                ballGoingUpQuestionMark
 *fill*         0x03806ce9        0x3 
 .bss.pongQuestionMark
                0x03806cec        0x4 build/src/main.o
                0x03806cec                pongQuestionMark
 .bss.Brain     0x03806cf0      0x2bc build/src/robot-config.o
                0x03806cf0                Brain
 .bss.Controller1
                0x03806fac      0x1e0 build/src/robot-config.o
                0x03806fac                Controller1
 .bss.rangeSensor1
                0x0380718c       0x24 build/src/robot-config.o
                0x0380718c                rangeSensor1
 .bss.rangeSensor2
                0x038071b0       0x24 build/src/robot-config.o
                0x038071b0                rangeSensor2
 .bss.gyroSensor
                0x038071d4       0x2c build/src/robot-config.o
                0x038071d4                gyroSensor
 .bss.frDrive   0x03807200       0x24 build/src/robot-config.o
                0x03807200                frDrive
 .bss.flDrive   0x03807224       0x24 build/src/robot-config.o
                0x03807224                flDrive
 .bss.brDrive   0x03807248       0x24 build/src/robot-config.o
                0x03807248                brDrive
 .bss.blDrive   0x0380726c       0x24 build/src/robot-config.o
                0x0380726c                blDrive
 .bss.ramp      0x03807290       0x24 build/src/robot-config.o
                0x03807290                ramp
 .bss.clawR     0x038072b4       0x24 build/src/robot-config.o
                0x038072b4                clawR
 .bss.clawL     0x038072d8       0x24 build/src/robot-config.o
                0x038072d8                clawL
 .bss.armMotor  0x038072fc       0x24 build/src/robot-config.o
                0x038072fc                armMotor
 .bss.__dso_handle
                0x03807320        0x4 C:\Program Files (x86)\VEX Robotics\VEXcode V5 Text\sdk/vexv5\libv5rt.a(v5_startup.c.obj)
                0x03807320                __dso_handle
 .bss.lastTime.8978
                0x03807324        0x4 C:\Program Files (x86)\VEX Robotics\VEXcode V5 Text\sdk/vexv5\libv5rt.a(v5_apijump.c.obj)
 .bss._ZN3vex4task8_labelIdE
                0x03807328        0x4 C:\Program Files (x86)\VEX Robotics\VEXcode V5 Text\sdk/vexv5\libv5rt.a(vex_task.cpp.obj)
                0x03807328                vex::task::_labelId
 .bss._ZN3vex11competition22bStopTasksBetweenModesE
                0x0380732c        0x1 C:\Program Files (x86)\VEX Robotics\VEXcode V5 Text\sdk/vexv5\libv5rt.a(vex_competition.cpp.obj)
                0x0380732c                vex::competition::bStopTasksBetweenModes
 .bss._ZN3vex11competition15_driver_pendingE
                0x0380732d        0x1 C:\Program Files (x86)\VEX Robotics\VEXcode V5 Text\sdk/vexv5\libv5rt.a(vex_competition.cpp.obj)
                0x0380732d                vex::competition::_driver_pending
 .bss._ZN3vex11competition14_auton_pendingE
                0x0380732e        0x1 C:\Program Files (x86)\VEX Robotics\VEXcode V5 Text\sdk/vexv5\libv5rt.a(vex_competition.cpp.obj)
                0x0380732e                vex::competition::_auton_pending
 *fill*         0x0380732f        0x1 
 .bss._ZN3vex11competition23_drivercontrol_callbackE
                0x03807330        0x4 C:\Program Files (x86)\VEX Robotics\VEXcode V5 Text\sdk/vexv5\libv5rt.a(vex_competition.cpp.obj)
                0x03807330                vex::competition::_drivercontrol_callback
 .bss._ZN3vex11competition20_autonomous_callbackE
                0x03807334        0x4 C:\Program Files (x86)\VEX Robotics\VEXcode V5 Text\sdk/vexv5\libv5rt.a(vex_competition.cpp.obj)
                0x03807334                vex::competition::_autonomous_callback
 .bss._ZN3vex11competition25bStopAllTasksBetweenModesE
                0x03807338        0x1 C:\Program Files (x86)\VEX Robotics\VEXcode V5 Text\sdk/vexv5\libv5rt.a(vex_competition.cpp.obj)
                0x03807338                vex::competition::bStopAllTasksBetweenModes
 .bss._ZStL8__ioinit
                0x03807339        0x1 C:\Program Files (x86)\VEX Robotics\VEXcode V5 Text\sdk/vexv5\libv5rt.a(vex_triport.cpp.obj)
 *fill*         0x0380733a        0x2 
 .bss._ZN3vex5color6orangeE
                0x0380733c        0x8 C:\Program Files (x86)\VEX Robotics\VEXcode V5 Text\sdk/vexv5\libv5rt.a(vex_color.cpp.obj)
                0x0380733c                vex::color::orange
 .bss._ZN3vex5color5blackE
                0x03807344        0x8 C:\Program Files (x86)\VEX Robotics\VEXcode V5 Text\sdk/vexv5\libv5rt.a(vex_color.cpp.obj)
                0x03807344                vex::color::black
 .bss._ZN3vex5color6yellowE
                0x0380734c        0x8 C:\Program Files (x86)\VEX Robotics\VEXcode V5 Text\sdk/vexv5\libv5rt.a(vex_color.cpp.obj)
                0x0380734c                vex::color::yellow
 .bss._ZN3vex5color5greenE
                0x03807354        0x8 C:\Program Files (x86)\VEX Robotics\VEXcode V5 Text\sdk/vexv5\libv5rt.a(vex_color.cpp.obj)
                0x03807354                vex::color::green
 .bss._ZN3vex5color6purpleE
                0x0380735c        0x8 C:\Program Files (x86)\VEX Robotics\VEXcode V5 Text\sdk/vexv5\libv5rt.a(vex_color.cpp.obj)
                0x0380735c                vex::color::purple
 .bss._ZN3vex5color4cyanE
                0x03807364        0x8 C:\Program Files (x86)\VEX Robotics\VEXcode V5 Text\sdk/vexv5\libv5rt.a(vex_color.cpp.obj)
                0x03807364                vex::color::cyan
 .bss._ZN3vex5color4blueE
                0x0380736c        0x8 C:\Program Files (x86)\VEX Robotics\VEXcode V5 Text\sdk/vexv5\libv5rt.a(vex_color.cpp.obj)
                0x0380736c                vex::color::blue
 .bss._ZN3vex5color3redE
                0x03807374        0x8 C:\Program Files (x86)\VEX Robotics\VEXcode V5 Text\sdk/vexv5\libv5rt.a(vex_color.cpp.obj)
                0x03807374                vex::color::red
 .bss._ZN3vex5color11transparentE
                0x0380737c        0x8 C:\Program Files (x86)\VEX Robotics\VEXcode V5 Text\sdk/vexv5\libv5rt.a(vex_color.cpp.obj)
                0x0380737c                vex::color::transparent
 .bss._ZN3vex5color5whiteE
                0x03807384        0x8 C:\Program Files (x86)\VEX Robotics\VEXcode V5 Text\sdk/vexv5\libv5rt.a(vex_color.cpp.obj)
                0x03807384                vex::color::white
 *(.gnu.linkonce.b.*)
 *(COMMON)
 COMMON         0x0380738c       0x18 C:\Program Files (x86)\VEX Robotics\VEXcode V5 Text\sdk/vexv5\libv5rt.a(v5_startup.c.obj)
                0x03807390                __vex_critical_section
                0x038073a4                __bss_end = .
                0x03806c9c                _SDA_BASE_ = (__sdata_start + ((__sbss_end - __sdata_start) / 0x2))
                0x0380641c                _SDA2_BASE_ = (__sdata2_start + ((__sbss2_end - __sdata2_start) / 0x2))

.heap           0x038073a4   0x10000c
                0x038073b0                . = ALIGN (0x10)
 *fill*         0x038073a4        0xc 
                0x038073b0                _heap = .
                0x038073b0                HeapBase = .
                0x038073b0                _heap_start = .
                0x039073b0                . = (. + _HEAP_SIZE)
 *fill*         0x038073b0   0x100000 
                0x039073b0                _heap_end = .
                0x039073b0                HeapLimit = .

.stack          0x039073b0     0x3800
                0x039073b0                . = ALIGN (0x10)
                0x039073b0                _stack_end = .
                0x039093b0                . = (. + _STACK_SIZE)
 *fill*         0x039073b0     0x2000 
                0x039093b0                . = ALIGN (0x10)
                0x039093b0                _stack = .
                0x039093b0                __stack = _stack
                0x039093b0                . = ALIGN (0x10)
                0x039093b0                _irq_stack_end = .
                0x039097b0                . = (. + _IRQ_STACK_SIZE)
 *fill*         0x039093b0      0x400 
                0x039097b0                . = ALIGN (0x10)
                0x039097b0                __irq_stack = .
                0x039097b0                _supervisor_stack_end = .
                0x03909fb0                . = (. + _SUPERVISOR_STACK_SIZE)
 *fill*         0x039097b0      0x800 
                0x03909fb0                . = ALIGN (0x10)
                0x03909fb0                __supervisor_stack = .
                0x03909fb0                _abort_stack_end = .
                0x0390a3b0                . = (. + _ABORT_STACK_SIZE)
 *fill*         0x03909fb0      0x400 
                0x0390a3b0                . = ALIGN (0x10)
                0x0390a3b0                __abort_stack = .
                0x0390a3b0                _fiq_stack_end = .
                0x0390a7b0                . = (. + _FIQ_STACK_SIZE)
 *fill*         0x0390a3b0      0x400 
                0x0390a7b0                . = ALIGN (0x10)
                0x0390a7b0                __fiq_stack = .
                0x0390a7b0                _undef_stack_end = .
                0x0390abb0                . = (. + _UNDEF_STACK_SIZE)
 *fill*         0x0390a7b0      0x400 
                0x0390abb0                . = ALIGN (0x10)
                0x0390abb0                __undef_stack = .
                0x0390abb0                _end = .
LOAD C:\Program Files (x86)\VEX Robotics\VEXcode V5 Text\sdk/vexv5/stdlib_0.lib
LOAD build/src/main.o
LOAD build/src/robot-config.o
START GROUP
LOAD C:\Program Files (x86)\VEX Robotics\VEXcode V5 Text\sdk/vexv5\libv5rt.a
LOAD C:\Program Files (x86)\VEX Robotics\VEXcode V5 Text\sdk/vexv5/gcc/libs\libstdc++.a
LOAD C:\Program Files (x86)\VEX Robotics\VEXcode V5 Text\sdk/vexv5/gcc/libs\libc.a
LOAD C:\Program Files (x86)\VEX Robotics\VEXcode V5 Text\sdk/vexv5/gcc/libs\libm.a
LOAD C:\Program Files (x86)\VEX Robotics\VEXcode V5 Text\sdk/vexv5/gcc/libs\libgcc.a
END GROUP
OUTPUT(build/ChadBradred.elf elf32-littlearm)

.comment        0x00000000       0x9d
 .comment       0x00000000       0x2d build/src/main.o
                                 0x2e (size before relaxing)
 .comment       0x00000000       0x2e build/src/robot-config.o
 .comment       0x0000002d       0x70 C:\Program Files (x86)\VEX Robotics\VEXcode V5 Text\sdk/vexv5\libv5rt.a(v5_startup.c.obj)
                                 0x71 (size before relaxing)
 .comment       0x00000000       0x71 C:\Program Files (x86)\VEX Robotics\VEXcode V5 Text\sdk/vexv5\libv5rt.a(v5_util.c.obj)
 .comment       0x00000000       0x71 C:\Program Files (x86)\VEX Robotics\VEXcode V5 Text\sdk/vexv5\libv5rt.a(v5_apijump.c.obj)
 .comment       0x00000000       0x71 C:\Program Files (x86)\VEX Robotics\VEXcode V5 Text\sdk/vexv5\libv5rt.a(v5_apiversions.c.obj)
 .comment       0x00000000       0x71 C:\Program Files (x86)\VEX Robotics\VEXcode V5 Text\sdk/vexv5\libv5rt.a(vex_global.cpp.obj)
 .comment       0x00000000       0x71 C:\Program Files (x86)\VEX Robotics\VEXcode V5 Text\sdk/vexv5\libv5rt.a(vex_motor.cpp.obj)
 .comment       0x00000000       0x71 C:\Program Files (x86)\VEX Robotics\VEXcode V5 Text\sdk/vexv5\libv5rt.a(vex_controller.cpp.obj)
 .comment       0x00000000       0x71 C:\Program Files (x86)\VEX Robotics\VEXcode V5 Text\sdk/vexv5\libv5rt.a(vex_task.cpp.obj)
 .comment       0x00000000       0x71 C:\Program Files (x86)\VEX Robotics\VEXcode V5 Text\sdk/vexv5\libv5rt.a(vex_event.cpp.obj)
 .comment       0x00000000       0x71 C:\Program Files (x86)\VEX Robotics\VEXcode V5 Text\sdk/vexv5\libv5rt.a(vex_mevent.cpp.obj)
 .comment       0x00000000       0x71 C:\Program Files (x86)\VEX Robotics\VEXcode V5 Text\sdk/vexv5\libv5rt.a(vex_brain.cpp.obj)
 .comment       0x00000000       0x71 C:\Program Files (x86)\VEX Robotics\VEXcode V5 Text\sdk/vexv5\libv5rt.a(vex_competition.cpp.obj)
 .comment       0x00000000       0x71 C:\Program Files (x86)\VEX Robotics\VEXcode V5 Text\sdk/vexv5\libv5rt.a(vex_triport.cpp.obj)
 .comment       0x00000000       0x71 C:\Program Files (x86)\VEX Robotics\VEXcode V5 Text\sdk/vexv5\libv5rt.a(vex_color.cpp.obj)
 .comment       0x00000000       0x71 C:\Program Files (x86)\VEX Robotics\VEXcode V5 Text\sdk/vexv5\libv5rt.a(vex_timer.cpp.obj)
 .comment       0x00000000       0x71 C:\Program Files (x86)\VEX Robotics\VEXcode V5 Text\sdk/vexv5\libv5rt.a(v5_apiuser.c.obj)
 .comment       0x00000000       0x71 C:\Program Files (x86)\VEX Robotics\VEXcode V5 Text\sdk/vexv5\libv5rt.a(vex_device.cpp.obj)

.note.GNU-stack
                0x00000000        0x0
 .note.GNU-stack
                0x00000000        0x0 build/src/main.o
 .note.GNU-stack
                0x00000000        0x0 build/src/robot-config.o

.debug_frame    0x00000000       0x60
 .debug_frame   0x00000000       0x34 C:\Program Files (x86)\VEX Robotics\VEXcode V5 Text\sdk/vexv5/gcc/libs\libc.a(lib_a-fini.o)
 .debug_frame   0x00000034       0x2c C:\Program Files (x86)\VEX Robotics\VEXcode V5 Text\sdk/vexv5/gcc/libs\libc.a(lib_a-init.o)
